<?xml version="1.0" encoding="ISO-8859-1" ?>
<link_info>
   <banner>TI ARM Linker Unix v20.2.5.LTS</banner>
   <copyright>Copyright (c) 1996-2018 Texas Instruments Incorporated</copyright>
   <link_time>0x6188894d</link_time>
   <link_errors>0x0</link_errors>
   <output_file>Lab-9.out</output_file>
   <entry_point>
      <name>_c_int00_noargs</name>
      <address>0x22a5</address>
   </entry_point>
   <input_file_list>
      <input_file id="fl-1">
         <path>./</path>
         <kind>object</kind>
         <file>AudioDriver.obj</file>
         <name>AudioDriver.obj</name>
      </input_file>
      <input_file id="fl-2">
         <path>./</path>
         <kind>object</kind>
         <file>CortexM.obj</file>
         <name>CortexM.obj</name>
      </input_file>
      <input_file id="fl-3">
         <path>./</path>
         <kind>object</kind>
         <file>DAC.obj</file>
         <name>DAC.obj</name>
      </input_file>
      <input_file id="fl-4">
         <path>./</path>
         <kind>object</kind>
         <file>Decoder.obj</file>
         <name>Decoder.obj</name>
      </input_file>
      <input_file id="fl-5">
         <path>./</path>
         <kind>object</kind>
         <file>InputDriver.obj</file>
         <name>InputDriver.obj</name>
      </input_file>
      <input_file id="fl-6">
         <path>./</path>
         <kind>object</kind>
         <file>Music.obj</file>
         <name>Music.obj</name>
      </input_file>
      <input_file id="fl-7">
         <path>./</path>
         <kind>object</kind>
         <file>PLL.obj</file>
         <name>PLL.obj</name>
      </input_file>
      <input_file id="fl-8">
         <path>./</path>
         <kind>object</kind>
         <file>SwitchDriver.obj</file>
         <name>SwitchDriver.obj</name>
      </input_file>
      <input_file id="fl-9">
         <path>./</path>
         <kind>object</kind>
         <file>Timer2.obj</file>
         <name>Timer2.obj</name>
      </input_file>
      <input_file id="fl-a">
         <path>./</path>
         <kind>object</kind>
         <file>Timer3.obj</file>
         <name>Timer3.obj</name>
      </input_file>
      <input_file id="fl-b">
         <path>./</path>
         <kind>object</kind>
         <file>TimerDriver.obj</file>
         <name>TimerDriver.obj</name>
      </input_file>
      <input_file id="fl-c">
         <path>./</path>
         <kind>object</kind>
         <file>Transmitter.obj</file>
         <name>Transmitter.obj</name>
      </input_file>
      <input_file id="fl-d">
         <path>./</path>
         <kind>object</kind>
         <file>UART0int.obj</file>
         <name>UART0int.obj</name>
      </input_file>
      <input_file id="fl-e">
         <path>./</path>
         <kind>object</kind>
         <file>main.obj</file>
         <name>main.obj</name>
      </input_file>
      <input_file id="fl-f">
         <path>./</path>
         <kind>object</kind>
         <file>tm4c123gh6pm_startup_ccs.obj</file>
         <name>tm4c123gh6pm_startup_ccs.obj</name>
      </input_file>
      <input_file id="fl-13">
         <kind>object</kind>
         <file>&lt;internal&gt;</file>
         <name>&lt;internal&gt;</name>
      </input_file>
      <input_file id="fl-c9">
         <path>/Applications/ti/ccs1100/ccs/tools/compiler/ti-cgt-arm_20.2.5.LTS/lib/</path>
         <kind>archive</kind>
         <file>rtsv7M4_T_le_v4SPD16_eabi.lib</file>
         <name>fopen.c.obj</name>
      </input_file>
      <input_file id="fl-ca">
         <path>/Applications/ti/ccs1100/ccs/tools/compiler/ti-cgt-arm_20.2.5.LTS/lib/</path>
         <kind>archive</kind>
         <file>rtsv7M4_T_le_v4SPD16_eabi.lib</file>
         <name>setvbuf.c.obj</name>
      </input_file>
      <input_file id="fl-cb">
         <path>/Applications/ti/ccs1100/ccs/tools/compiler/ti-cgt-arm_20.2.5.LTS/lib/</path>
         <kind>archive</kind>
         <file>rtsv7M4_T_le_v4SPD16_eabi.lib</file>
         <name>memset_t2.asm.obj</name>
      </input_file>
      <input_file id="fl-cc">
         <path>/Applications/ti/ccs1100/ccs/tools/compiler/ti-cgt-arm_20.2.5.LTS/lib/</path>
         <kind>archive</kind>
         <file>rtsv7M4_T_le_v4SPD16_eabi.lib</file>
         <name>copy_zero_init.c.obj</name>
      </input_file>
      <input_file id="fl-cd">
         <path>/Applications/ti/ccs1100/ccs/tools/compiler/ti-cgt-arm_20.2.5.LTS/lib/</path>
         <kind>archive</kind>
         <file>rtsv7M4_T_le_v4SPD16_eabi.lib</file>
         <name>copy_decompress_none.c.obj</name>
      </input_file>
      <input_file id="fl-ce">
         <path>/Applications/ti/ccs1100/ccs/tools/compiler/ti-cgt-arm_20.2.5.LTS/lib/</path>
         <kind>archive</kind>
         <file>rtsv7M4_T_le_v4SPD16_eabi.lib</file>
         <name>copy_decompress_lzss.c.obj</name>
      </input_file>
      <input_file id="fl-cf">
         <path>/Applications/ti/ccs1100/ccs/tools/compiler/ti-cgt-arm_20.2.5.LTS/lib/</path>
         <kind>archive</kind>
         <file>rtsv7M4_T_le_v4SPD16_eabi.lib</file>
         <name>exit.c.obj</name>
      </input_file>
      <input_file id="fl-d0">
         <path>/Applications/ti/ccs1100/ccs/tools/compiler/ti-cgt-arm_20.2.5.LTS/lib/</path>
         <kind>archive</kind>
         <file>rtsv7M4_T_le_v4SPD16_eabi.lib</file>
         <name>_lock.c.obj</name>
      </input_file>
      <input_file id="fl-d1">
         <path>/Applications/ti/ccs1100/ccs/tools/compiler/ti-cgt-arm_20.2.5.LTS/lib/</path>
         <kind>archive</kind>
         <file>rtsv7M4_T_le_v4SPD16_eabi.lib</file>
         <name>defs.c.obj</name>
      </input_file>
      <input_file id="fl-d2">
         <path>/Applications/ti/ccs1100/ccs/tools/compiler/ti-cgt-arm_20.2.5.LTS/lib/</path>
         <kind>archive</kind>
         <file>rtsv7M4_T_le_v4SPD16_eabi.lib</file>
         <name>memory.c.obj</name>
      </input_file>
      <input_file id="fl-d3">
         <path>/Applications/ti/ccs1100/ccs/tools/compiler/ti-cgt-arm_20.2.5.LTS/lib/</path>
         <kind>archive</kind>
         <file>rtsv7M4_T_le_v4SPD16_eabi.lib</file>
         <name>strcpy.c.obj</name>
      </input_file>
      <input_file id="fl-d4">
         <path>/Applications/ti/ccs1100/ccs/tools/compiler/ti-cgt-arm_20.2.5.LTS/lib/</path>
         <kind>archive</kind>
         <file>rtsv7M4_T_le_v4SPD16_eabi.lib</file>
         <name>boot_cortex_m.c.obj</name>
      </input_file>
      <input_file id="fl-d5">
         <path>/Applications/ti/ccs1100/ccs/tools/compiler/ti-cgt-arm_20.2.5.LTS/lib/</path>
         <kind>archive</kind>
         <file>rtsv7M4_T_le_v4SPD16_eabi.lib</file>
         <name>open.c.obj</name>
      </input_file>
      <input_file id="fl-d6">
         <path>/Applications/ti/ccs1100/ccs/tools/compiler/ti-cgt-arm_20.2.5.LTS/lib/</path>
         <kind>archive</kind>
         <file>rtsv7M4_T_le_v4SPD16_eabi.lib</file>
         <name>add_device.c.obj</name>
      </input_file>
      <input_file id="fl-d7">
         <path>/Applications/ti/ccs1100/ccs/tools/compiler/ti-cgt-arm_20.2.5.LTS/lib/</path>
         <kind>archive</kind>
         <file>rtsv7M4_T_le_v4SPD16_eabi.lib</file>
         <name>fclose.c.obj</name>
      </input_file>
      <input_file id="fl-d8">
         <path>/Applications/ti/ccs1100/ccs/tools/compiler/ti-cgt-arm_20.2.5.LTS/lib/</path>
         <kind>archive</kind>
         <file>rtsv7M4_T_le_v4SPD16_eabi.lib</file>
         <name>fflush.c.obj</name>
      </input_file>
      <input_file id="fl-d9">
         <path>/Applications/ti/ccs1100/ccs/tools/compiler/ti-cgt-arm_20.2.5.LTS/lib/</path>
         <kind>archive</kind>
         <file>rtsv7M4_T_le_v4SPD16_eabi.lib</file>
         <name>getdevice.c.obj</name>
      </input_file>
      <input_file id="fl-da">
         <path>/Applications/ti/ccs1100/ccs/tools/compiler/ti-cgt-arm_20.2.5.LTS/lib/</path>
         <kind>archive</kind>
         <file>rtsv7M4_T_le_v4SPD16_eabi.lib</file>
         <name>memcpy_t2.asm.obj</name>
      </input_file>
      <input_file id="fl-db">
         <path>/Applications/ti/ccs1100/ccs/tools/compiler/ti-cgt-arm_20.2.5.LTS/lib/</path>
         <kind>archive</kind>
         <file>rtsv7M4_T_le_v4SPD16_eabi.lib</file>
         <name>autoinit.c.obj</name>
      </input_file>
      <input_file id="fl-dc">
         <path>/Applications/ti/ccs1100/ccs/tools/compiler/ti-cgt-arm_20.2.5.LTS/lib/</path>
         <kind>archive</kind>
         <file>rtsv7M4_T_le_v4SPD16_eabi.lib</file>
         <name>pre_init.c.obj</name>
      </input_file>
      <input_file id="fl-dd">
         <path>/Applications/ti/ccs1100/ccs/tools/compiler/ti-cgt-arm_20.2.5.LTS/lib/</path>
         <kind>archive</kind>
         <file>rtsv7M4_T_le_v4SPD16_eabi.lib</file>
         <name>cpy_tbl.c.obj</name>
      </input_file>
      <input_file id="fl-de">
         <path>/Applications/ti/ccs1100/ccs/tools/compiler/ti-cgt-arm_20.2.5.LTS/lib/</path>
         <kind>archive</kind>
         <file>rtsv7M4_T_le_v4SPD16_eabi.lib</file>
         <name>args_main.c.obj</name>
      </input_file>
      <input_file id="fl-df">
         <path>/Applications/ti/ccs1100/ccs/tools/compiler/ti-cgt-arm_20.2.5.LTS/lib/</path>
         <kind>archive</kind>
         <file>rtsv7M4_T_le_v4SPD16_eabi.lib</file>
         <name>strchr.c.obj</name>
      </input_file>
      <input_file id="fl-e0">
         <path>/Applications/ti/ccs1100/ccs/tools/compiler/ti-cgt-arm_20.2.5.LTS/lib/</path>
         <kind>archive</kind>
         <file>rtsv7M4_T_le_v4SPD16_eabi.lib</file>
         <name>strcmp.c.obj</name>
      </input_file>
      <input_file id="fl-e1">
         <path>/Applications/ti/ccs1100/ccs/tools/compiler/ti-cgt-arm_20.2.5.LTS/lib/</path>
         <kind>archive</kind>
         <file>rtsv7M4_T_le_v4SPD16_eabi.lib</file>
         <name>strncpy.c.obj</name>
      </input_file>
      <input_file id="fl-e2">
         <path>/Applications/ti/ccs1100/ccs/tools/compiler/ti-cgt-arm_20.2.5.LTS/lib/</path>
         <kind>archive</kind>
         <file>rtsv7M4_T_le_v4SPD16_eabi.lib</file>
         <name>write.c.obj</name>
      </input_file>
      <input_file id="fl-e3">
         <path>/Applications/ti/ccs1100/ccs/tools/compiler/ti-cgt-arm_20.2.5.LTS/lib/</path>
         <kind>archive</kind>
         <file>rtsv7M4_T_le_v4SPD16_eabi.lib</file>
         <name>host_device.c.obj</name>
      </input_file>
      <input_file id="fl-e4">
         <path>/Applications/ti/ccs1100/ccs/tools/compiler/ti-cgt-arm_20.2.5.LTS/lib/</path>
         <kind>archive</kind>
         <file>rtsv7M4_T_le_v4SPD16_eabi.lib</file>
         <name>remove.c.obj</name>
      </input_file>
      <input_file id="fl-e5">
         <path>/Applications/ti/ccs1100/ccs/tools/compiler/ti-cgt-arm_20.2.5.LTS/lib/</path>
         <kind>archive</kind>
         <file>rtsv7M4_T_le_v4SPD16_eabi.lib</file>
         <name>close.c.obj</name>
      </input_file>
      <input_file id="fl-e6">
         <path>/Applications/ti/ccs1100/ccs/tools/compiler/ti-cgt-arm_20.2.5.LTS/lib/</path>
         <kind>archive</kind>
         <file>rtsv7M4_T_le_v4SPD16_eabi.lib</file>
         <name>unlink.c.obj</name>
      </input_file>
      <input_file id="fl-e7">
         <path>/Applications/ti/ccs1100/ccs/tools/compiler/ti-cgt-arm_20.2.5.LTS/lib/</path>
         <kind>archive</kind>
         <file>rtsv7M4_T_le_v4SPD16_eabi.lib</file>
         <name>hostclose.c.obj</name>
      </input_file>
      <input_file id="fl-e8">
         <path>/Applications/ti/ccs1100/ccs/tools/compiler/ti-cgt-arm_20.2.5.LTS/lib/</path>
         <kind>archive</kind>
         <file>rtsv7M4_T_le_v4SPD16_eabi.lib</file>
         <name>hostlseek.c.obj</name>
      </input_file>
      <input_file id="fl-e9">
         <path>/Applications/ti/ccs1100/ccs/tools/compiler/ti-cgt-arm_20.2.5.LTS/lib/</path>
         <kind>archive</kind>
         <file>rtsv7M4_T_le_v4SPD16_eabi.lib</file>
         <name>hostopen.c.obj</name>
      </input_file>
      <input_file id="fl-ea">
         <path>/Applications/ti/ccs1100/ccs/tools/compiler/ti-cgt-arm_20.2.5.LTS/lib/</path>
         <kind>archive</kind>
         <file>rtsv7M4_T_le_v4SPD16_eabi.lib</file>
         <name>hostread.c.obj</name>
      </input_file>
      <input_file id="fl-eb">
         <path>/Applications/ti/ccs1100/ccs/tools/compiler/ti-cgt-arm_20.2.5.LTS/lib/</path>
         <kind>archive</kind>
         <file>rtsv7M4_T_le_v4SPD16_eabi.lib</file>
         <name>hostrename.c.obj</name>
      </input_file>
      <input_file id="fl-ec">
         <path>/Applications/ti/ccs1100/ccs/tools/compiler/ti-cgt-arm_20.2.5.LTS/lib/</path>
         <kind>archive</kind>
         <file>rtsv7M4_T_le_v4SPD16_eabi.lib</file>
         <name>hostunlink.c.obj</name>
      </input_file>
      <input_file id="fl-ed">
         <path>/Applications/ti/ccs1100/ccs/tools/compiler/ti-cgt-arm_20.2.5.LTS/lib/</path>
         <kind>archive</kind>
         <file>rtsv7M4_T_le_v4SPD16_eabi.lib</file>
         <name>hostwrite.c.obj</name>
      </input_file>
      <input_file id="fl-ee">
         <path>/Applications/ti/ccs1100/ccs/tools/compiler/ti-cgt-arm_20.2.5.LTS/lib/</path>
         <kind>archive</kind>
         <file>rtsv7M4_T_le_v4SPD16_eabi.lib</file>
         <name>trgmsg.c.obj</name>
      </input_file>
      <input_file id="fl-ef">
         <path>/Applications/ti/ccs1100/ccs/tools/compiler/ti-cgt-arm_20.2.5.LTS/lib/</path>
         <kind>archive</kind>
         <file>rtsv7M4_T_le_v4SPD16_eabi.lib</file>
         <name>strlen.c.obj</name>
      </input_file>
   </input_file_list>
   <object_component_list>
      <object_component id="oc-12">
         <name>.intvecs</name>
         <load_address>0x0</load_address>
         <run_address>0x0</run_address>
         <size>0x26c</size>
         <input_file_ref idref="fl-f"/>
      </object_component>
      <object_component id="oc-30">
         <name>.text</name>
         <load_address>0x26c</load_address>
         <run_address>0x26c</run_address>
         <size>0x898</size>
         <input_file_ref idref="fl-d"/>
      </object_component>
      <object_component id="oc-48">
         <name>.text</name>
         <load_address>0xb04</load_address>
         <run_address>0xb04</run_address>
         <size>0x2fc</size>
         <input_file_ref idref="fl-8"/>
      </object_component>
      <object_component id="oc-123">
         <name>.text</name>
         <load_address>0xe00</load_address>
         <run_address>0xe00</run_address>
         <size>0x1c0</size>
         <input_file_ref idref="fl-e"/>
      </object_component>
      <object_component id="oc-3c">
         <name>.text</name>
         <load_address>0xfc0</load_address>
         <run_address>0xfc0</run_address>
         <size>0x170</size>
         <input_file_ref idref="fl-b"/>
      </object_component>
      <object_component id="oc-2a">
         <name>.text</name>
         <load_address>0x1130</load_address>
         <run_address>0x1130</run_address>
         <size>0x112</size>
         <input_file_ref idref="fl-f"/>
      </object_component>
      <object_component id="oc-228">
         <name>.text:_nop</name>
         <load_address>0x1242</load_address>
         <run_address>0x1242</run_address>
         <size>0x2</size>
         <input_file_ref idref="fl-d0"/>
      </object_component>
      <object_component id="oc-168">
         <name>.text:_openfile</name>
         <load_address>0x1244</load_address>
         <run_address>0x1244</run_address>
         <size>0x110</size>
         <input_file_ref idref="fl-c9"/>
      </object_component>
      <object_component id="oc-29d">
         <name>.text:aligned_alloc</name>
         <load_address>0x1354</load_address>
         <run_address>0x1354</run_address>
         <size>0x100</size>
         <input_file_ref idref="fl-d2"/>
      </object_component>
      <object_component id="oc-d1">
         <name>.text</name>
         <load_address>0x1454</load_address>
         <run_address>0x1454</run_address>
         <size>0xe4</size>
         <input_file_ref idref="fl-3"/>
      </object_component>
      <object_component id="oc-17b">
         <name>.text:free</name>
         <load_address>0x1538</load_address>
         <run_address>0x1538</run_address>
         <size>0xe4</size>
         <input_file_ref idref="fl-d2"/>
      </object_component>
      <object_component id="oc-bd">
         <name>.text:setvbuf</name>
         <load_address>0x161c</load_address>
         <run_address>0x161c</run_address>
         <size>0xdc</size>
         <input_file_ref idref="fl-ca"/>
      </object_component>
      <object_component id="oc-26b">
         <name>.text:open</name>
         <load_address>0x16f8</load_address>
         <run_address>0x16f8</run_address>
         <size>0xbc</size>
         <input_file_ref idref="fl-d5"/>
      </object_component>
      <object_component id="oc-ab">
         <name>.text:add_device</name>
         <load_address>0x17b4</load_address>
         <run_address>0x17b4</run_address>
         <size>0xb8</size>
         <input_file_ref idref="fl-d6"/>
      </object_component>
      <object_component id="oc-36">
         <name>.text</name>
         <load_address>0x186c</load_address>
         <run_address>0x186c</run_address>
         <size>0xb0</size>
         <input_file_ref idref="fl-6"/>
      </object_component>
      <object_component id="oc-42">
         <name>.text</name>
         <load_address>0x191c</load_address>
         <run_address>0x191c</run_address>
         <size>0xa4</size>
         <input_file_ref idref="fl-9"/>
      </object_component>
      <object_component id="oc-4e">
         <name>.text</name>
         <load_address>0x19c0</load_address>
         <run_address>0x19c0</run_address>
         <size>0xa0</size>
         <input_file_ref idref="fl-a"/>
      </object_component>
      <object_component id="oc-b1">
         <name>.text:fopen</name>
         <load_address>0x1a60</load_address>
         <run_address>0x1a60</run_address>
         <size>0x9c</size>
         <input_file_ref idref="fl-c9"/>
      </object_component>
      <object_component id="oc-62">
         <name>.text</name>
         <load_address>0x1afc</load_address>
         <run_address>0x1afc</run_address>
         <size>0x9c</size>
         <input_file_ref idref="fl-da"/>
      </object_component>
      <object_component id="oc-1cd">
         <name>.text</name>
         <load_address>0x1b98</load_address>
         <run_address>0x1b98</run_address>
         <size>0x88</size>
         <input_file_ref idref="fl-7"/>
      </object_component>
      <object_component id="oc-117">
         <name>.text</name>
         <load_address>0x1c20</load_address>
         <run_address>0x1c20</run_address>
         <size>0x7a</size>
         <input_file_ref idref="fl-cb"/>
      </object_component>
      <object_component id="oc-174">
         <name>.text:__TI_closefile</name>
         <load_address>0x1c9c</load_address>
         <run_address>0x1c9c</run_address>
         <size>0x74</size>
         <input_file_ref idref="fl-d7"/>
      </object_component>
      <object_component id="oc-323">
         <name>.text:split</name>
         <load_address>0x1d10</load_address>
         <run_address>0x1d10</run_address>
         <size>0x70</size>
         <input_file_ref idref="fl-d2"/>
      </object_component>
      <object_component id="oc-256">
         <name>.text:HOSTrename</name>
         <load_address>0x1d80</load_address>
         <run_address>0x1d80</run_address>
         <size>0x6c</size>
         <input_file_ref idref="fl-eb"/>
      </object_component>
      <object_component id="oc-24a">
         <name>.text:HOSTlseek</name>
         <load_address>0x1dec</load_address>
         <run_address>0x1dec</run_address>
         <size>0x68</size>
         <input_file_ref idref="fl-e8"/>
      </object_component>
      <object_component id="oc-15">
         <name>.text:decompress:lzss:__TI_decompress_lzss</name>
         <load_address>0x1e54</load_address>
         <run_address>0x1e54</run_address>
         <size>0x68</size>
         <input_file_ref idref="fl-ce"/>
      </object_component>
      <object_component id="oc-232">
         <name>.text:HOSTopen</name>
         <load_address>0x1ebc</load_address>
         <run_address>0x1ebc</run_address>
         <size>0x60</size>
         <input_file_ref idref="fl-e9"/>
      </object_component>
      <object_component id="oc-281">
         <name>.text:close</name>
         <load_address>0x1f1c</load_address>
         <run_address>0x1f1c</run_address>
         <size>0x5c</size>
         <input_file_ref idref="fl-e5"/>
      </object_component>
      <object_component id="oc-23e">
         <name>.text:HOSTread</name>
         <load_address>0x1f78</load_address>
         <run_address>0x1f78</run_address>
         <size>0x58</size>
         <input_file_ref idref="fl-ea"/>
      </object_component>
      <object_component id="oc-244">
         <name>.text:HOSTwrite</name>
         <load_address>0x1fd0</load_address>
         <run_address>0x1fd0</run_address>
         <size>0x58</size>
         <input_file_ref idref="fl-ed"/>
      </object_component>
      <object_component id="oc-27b">
         <name>.text:__TI_doflush</name>
         <load_address>0x2028</load_address>
         <run_address>0x2028</run_address>
         <size>0x4c</size>
         <input_file_ref idref="fl-d8"/>
      </object_component>
      <object_component id="oc-1e3">
         <name>.text:exit</name>
         <load_address>0x2074</load_address>
         <run_address>0x2074</run_address>
         <size>0x48</size>
         <input_file_ref idref="fl-cf"/>
      </object_component>
      <object_component id="oc-238">
         <name>.text:HOSTclose</name>
         <load_address>0x20bc</load_address>
         <run_address>0x20bc</run_address>
         <size>0x44</size>
         <input_file_ref idref="fl-e7"/>
      </object_component>
      <object_component id="oc-250">
         <name>.text:HOSTunlink</name>
         <load_address>0x2100</load_address>
         <run_address>0x2100</run_address>
         <size>0x44</size>
         <input_file_ref idref="fl-ec"/>
      </object_component>
      <object_component id="oc-1e9">
         <name>.text:__TI_auto_init_nobinit_nopinit:__TI_auto_init_nobinit_nopinit</name>
         <load_address>0x2144</load_address>
         <run_address>0x2144</run_address>
         <size>0x44</size>
         <input_file_ref idref="fl-db"/>
      </object_component>
      <object_component id="oc-304">
         <name>.text:getdevice</name>
         <load_address>0x2188</load_address>
         <run_address>0x2188</run_address>
         <size>0x44</size>
         <input_file_ref idref="fl-d9"/>
      </object_component>
      <object_component id="oc-2e1">
         <name>.text:__TI_writemsg</name>
         <load_address>0x21cc</load_address>
         <run_address>0x21cc</run_address>
         <size>0x38</size>
         <input_file_ref idref="fl-ee"/>
      </object_component>
      <object_component id="oc-159">
         <name>.text:strncpy</name>
         <load_address>0x2204</load_address>
         <run_address>0x2204</run_address>
         <size>0x36</size>
         <input_file_ref idref="fl-e1"/>
      </object_component>
      <object_component id="oc-18a">
         <name>.text:__TI_cleanup</name>
         <load_address>0x223c</load_address>
         <run_address>0x223c</run_address>
         <size>0x34</size>
         <input_file_ref idref="fl-c9"/>
      </object_component>
      <object_component id="oc-2e7">
         <name>.text:__TI_readmsg</name>
         <load_address>0x2270</load_address>
         <run_address>0x2270</run_address>
         <size>0x34</size>
         <input_file_ref idref="fl-ee"/>
      </object_component>
      <object_component id="oc-80">
         <name>.text:_c_int00_noargs:_c_int00_noargs</name>
         <load_address>0x22a4</load_address>
         <run_address>0x22a4</run_address>
         <size>0x34</size>
         <input_file_ref idref="fl-d4"/>
      </object_component>
      <object_component id="oc-b7">
         <name>.text:freopen</name>
         <load_address>0x22d8</load_address>
         <run_address>0x22d8</run_address>
         <size>0x34</size>
         <input_file_ref idref="fl-c9"/>
      </object_component>
      <object_component id="oc-153">
         <name>.text:finddevice</name>
         <load_address>0x230c</load_address>
         <run_address>0x230c</run_address>
         <size>0x30</size>
         <input_file_ref idref="fl-d9"/>
      </object_component>
      <object_component id="oc-287">
         <name>.text:unlink</name>
         <load_address>0x233c</load_address>
         <run_address>0x233c</run_address>
         <size>0x2c</size>
         <input_file_ref idref="fl-e6"/>
      </object_component>
      <object_component id="oc-296">
         <name>.text:free_list_insert</name>
         <load_address>0x2368</load_address>
         <run_address>0x2368</run_address>
         <size>0x28</size>
         <input_file_ref idref="fl-d2"/>
      </object_component>
      <object_component id="oc-310">
         <name>.text:write</name>
         <load_address>0x2390</load_address>
         <run_address>0x2390</run_address>
         <size>0x28</size>
         <input_file_ref idref="fl-e2"/>
      </object_component>
      <object_component id="oc-290">
         <name>.text:free_list_remove</name>
         <load_address>0x23b8</load_address>
         <run_address>0x23b8</run_address>
         <size>0x1c</size>
         <input_file_ref idref="fl-d2"/>
      </object_component>
      <object_component id="oc-21e">
         <name>.text:strcmp</name>
         <load_address>0x23d4</load_address>
         <run_address>0x23d4</run_address>
         <size>0x18</size>
         <input_file_ref idref="fl-e0"/>
      </object_component>
      <object_component id="oc-357">
         <name>.text:strchr</name>
         <load_address>0x23ec</load_address>
         <run_address>0x23ec</run_address>
         <size>0x16</size>
         <input_file_ref idref="fl-df"/>
      </object_component>
      <object_component id="oc-a5">
         <name>.text:strcpy</name>
         <load_address>0x2402</load_address>
         <run_address>0x2402</run_address>
         <size>0x14</size>
         <input_file_ref idref="fl-d3"/>
      </object_component>
      <object_component id="oc-2db">
         <name>.text:strlen</name>
         <load_address>0x2416</load_address>
         <run_address>0x2416</run_address>
         <size>0x14</size>
         <input_file_ref idref="fl-ef"/>
      </object_component>
      <object_component id="oc-1b">
         <name>.text:decompress:none:__TI_decompress_none</name>
         <load_address>0x242a</load_address>
         <run_address>0x242a</run_address>
         <size>0xe</size>
         <input_file_ref idref="fl-cd"/>
      </object_component>
      <object_component id="oc-74">
         <name>.text:decompress:ZI:__TI_zero_init</name>
         <load_address>0x2438</load_address>
         <run_address>0x2438</run_address>
         <size>0xc</size>
         <input_file_ref idref="fl-cc"/>
      </object_component>
      <object_component id="oc-181">
         <name>.text:malloc</name>
         <load_address>0x2444</load_address>
         <run_address>0x2444</run_address>
         <size>0x8</size>
         <input_file_ref idref="fl-d2"/>
      </object_component>
      <object_component id="oc-11d">
         <name>.text:_system_pre_init</name>
         <load_address>0x244c</load_address>
         <run_address>0x244c</run_address>
         <size>0x4</size>
         <input_file_ref idref="fl-dc"/>
      </object_component>
      <object_component id="oc-1dd">
         <name>.text:abort:abort</name>
         <load_address>0x2450</load_address>
         <run_address>0x2450</run_address>
         <size>0x4</size>
         <input_file_ref idref="fl-cf"/>
      </object_component>
      <object_component id="oc-e0">
         <name>.const:SinWave</name>
         <load_address>0x2454</load_address>
         <run_address>0x2454</run_address>
         <size>0x80</size>
         <input_file_ref idref="fl-6"/>
      </object_component>
      <object_component id="oc-3b0">
         <name>.cinit..data.load</name>
         <load_address>0x24d8</load_address>
         <run_address>0x24d8</run_address>
         <size>0x9b</size>
      </object_component>
      <object_component id="oc-3ae">
         <name>__TI_handler_table</name>
         <load_address>0x2574</load_address>
         <run_address>0x2574</run_address>
         <size>0xc</size>
      </object_component>
      <object_component id="oc-3b1">
         <name>.cinit..bss.load</name>
         <load_address>0x2580</load_address>
         <run_address>0x2580</run_address>
         <size>0x8</size>
      </object_component>
      <object_component id="oc-3af">
         <name>__TI_cinit_table</name>
         <load_address>0x2588</load_address>
         <run_address>0x2588</run_address>
         <size>0x10</size>
      </object_component>
      <object_component id="oc-1a3">
         <name>.data:notes</name>
         <load_address>0x200013c0</load_address>
         <run_address>0x200013c0</run_address>
         <size>0x38</size>
         <input_file_ref idref="fl-6"/>
      </object_component>
      <object_component id="oc-da">
         <name>.data:song</name>
         <load_address>0x200013f8</load_address>
         <run_address>0x200013f8</run_address>
         <size>0x18</size>
         <input_file_ref idref="fl-6"/>
      </object_component>
      <object_component id="oc-dd">
         <name>.data</name>
         <load_address>0x2000142c</load_address>
         <run_address>0x2000142c</run_address>
         <size>0xa</size>
         <input_file_ref idref="fl-6"/>
      </object_component>
      <object_component id="oc-d7">
         <name>.data</name>
         <load_address>0x20001448</load_address>
         <run_address>0x20001448</run_address>
         <size>0x6</size>
         <input_file_ref idref="fl-8"/>
      </object_component>
      <object_component id="oc-1db">
         <name>.data</name>
         <load_address>0x20001450</load_address>
         <run_address>0x20001450</run_address>
         <size>0x4</size>
         <input_file_ref idref="fl-e"/>
      </object_component>
      <object_component id="oc-16e">
         <name>.data</name>
         <load_address>0x20001458</load_address>
         <run_address>0x20001458</run_address>
         <size>0x4</size>
         <input_file_ref idref="fl-c9"/>
      </object_component>
      <object_component id="oc-187">
         <name>.data:$O1$$</name>
         <load_address>0x20001420</load_address>
         <run_address>0x20001420</run_address>
         <size>0xc</size>
         <input_file_ref idref="fl-cf"/>
      </object_component>
      <object_component id="oc-15f">
         <name>.data:$O1$$</name>
         <load_address>0x20001438</load_address>
         <run_address>0x20001438</run_address>
         <size>0x8</size>
         <input_file_ref idref="fl-d0"/>
      </object_component>
      <object_component id="oc-c3">
         <name>.data:_ftable</name>
         <load_address>0x20001208</load_address>
         <run_address>0x20001208</run_address>
         <size>0xf0</size>
         <input_file_ref idref="fl-d1"/>
      </object_component>
      <object_component id="oc-16f">
         <name>.data</name>
         <load_address>0x20001410</load_address>
         <run_address>0x20001410</run_address>
         <size>0x10</size>
         <input_file_ref idref="fl-d1"/>
      </object_component>
      <object_component id="oc-31e">
         <name>.data:$O1$$</name>
         <load_address>0x20001440</load_address>
         <run_address>0x20001440</run_address>
         <size>0x8</size>
         <input_file_ref idref="fl-d2"/>
      </object_component>
      <object_component id="oc-30a">
         <name>.data</name>
         <load_address>0x2000145c</load_address>
         <run_address>0x2000145c</run_address>
         <size>0x4</size>
         <input_file_ref idref="fl-d5"/>
      </object_component>
      <object_component id="oc-162">
         <name>.data</name>
         <load_address>0x20001454</load_address>
         <run_address>0x20001454</run_address>
         <size>0x4</size>
         <input_file_ref idref="fl-d6"/>
      </object_component>
      <object_component id="oc-163">
         <name>.data:_device</name>
         <load_address>0x200012f8</load_address>
         <run_address>0x200012f8</run_address>
         <size>0x78</size>
         <input_file_ref idref="fl-e3"/>
      </object_component>
      <object_component id="oc-30b">
         <name>.data:_stream</name>
         <load_address>0x20001370</load_address>
         <run_address>0x20001370</run_address>
         <size>0x50</size>
         <input_file_ref idref="fl-e3"/>
      </object_component>
      <object_component id="oc-9d">
         <name>.bss:RxFifo</name>
         <uninitialized>true</uninitialized>
         <run_address>0x20000400</run_address>
         <size>0x400</size>
         <input_file_ref idref="fl-d"/>
      </object_component>
      <object_component id="oc-a2">
         <name>.bss:TxFifo</name>
         <uninitialized>true</uninitialized>
         <run_address>0x20000800</run_address>
         <size>0x400</size>
         <input_file_ref idref="fl-d"/>
      </object_component>
      <object_component id="oc-1d6">
         <name>.bss:RawFifo</name>
         <uninitialized>true</uninitialized>
         <run_address>0x20000000</run_address>
         <size>0x400</size>
         <input_file_ref idref="fl-e"/>
      </object_component>
      <object_component id="oc-343">
         <name>.bss:_CIOBUF_</name>
         <uninitialized>true</uninitialized>
         <run_address>0x20001000</run_address>
         <size>0x120</size>
         <input_file_ref idref="fl-ee"/>
      </object_component>
      <object_component id="oc-ed">
         <name>.common:SW1</name>
         <uninitialized>true</uninitialized>
         <run_address>0x200011e0</run_address>
         <size>0x4</size>
      </object_component>
      <object_component id="oc-ee">
         <name>.common:SW2</name>
         <uninitialized>true</uninitialized>
         <run_address>0x200011e4</run_address>
         <size>0x4</size>
      </object_component>
      <object_component id="oc-ef">
         <name>.common:SW3</name>
         <uninitialized>true</uninitialized>
         <run_address>0x200011e8</run_address>
         <size>0x4</size>
      </object_component>
      <object_component id="oc-f0">
         <name>.common:SW4</name>
         <uninitialized>true</uninitialized>
         <run_address>0x200011ec</run_address>
         <size>0x4</size>
      </object_component>
      <object_component id="oc-ea">
         <name>.common:SW5</name>
         <uninitialized>true</uninitialized>
         <run_address>0x200011f0</run_address>
         <size>0x4</size>
      </object_component>
      <object_component id="oc-f1">
         <name>.common:SW_Delay1</name>
         <uninitialized>true</uninitialized>
         <run_address>0x200011fc</run_address>
         <size>0x2</size>
      </object_component>
      <object_component id="oc-f2">
         <name>.common:SW_Delay2</name>
         <uninitialized>true</uninitialized>
         <run_address>0x200011fe</run_address>
         <size>0x2</size>
      </object_component>
      <object_component id="oc-f3">
         <name>.common:SW_Delay3</name>
         <uninitialized>true</uninitialized>
         <run_address>0x20001200</run_address>
         <size>0x2</size>
      </object_component>
      <object_component id="oc-f4">
         <name>.common:SW_Delay4</name>
         <uninitialized>true</uninitialized>
         <run_address>0x20001202</run_address>
         <size>0x2</size>
      </object_component>
      <object_component id="oc-f5">
         <name>.common:SW_Delay5</name>
         <uninitialized>true</uninitialized>
         <run_address>0x20001204</run_address>
         <size>0x2</size>
      </object_component>
      <object_component id="oc-e6">
         <name>.common:PeriodicTask2User</name>
         <uninitialized>true</uninitialized>
         <run_address>0x200011c8</run_address>
         <size>0x4</size>
      </object_component>
      <object_component id="oc-f7">
         <name>.common:PeriodicTask3</name>
         <uninitialized>true</uninitialized>
         <run_address>0x200011cc</run_address>
         <size>0x4</size>
      </object_component>
      <object_component id="oc-99">
         <name>.common:RxPutI</name>
         <uninitialized>true</uninitialized>
         <run_address>0x200011dc</run_address>
         <size>0x4</size>
      </object_component>
      <object_component id="oc-9c">
         <name>.common:RxGetI</name>
         <uninitialized>true</uninitialized>
         <run_address>0x200011d8</run_address>
         <size>0x4</size>
      </object_component>
      <object_component id="oc-a0">
         <name>.common:TxPutI</name>
         <uninitialized>true</uninitialized>
         <run_address>0x200011f8</run_address>
         <size>0x4</size>
      </object_component>
      <object_component id="oc-a1">
         <name>.common:TxGetI</name>
         <uninitialized>true</uninitialized>
         <run_address>0x200011f4</run_address>
         <size>0x4</size>
      </object_component>
      <object_component id="oc-1d3">
         <name>.common:RawPutPt</name>
         <uninitialized>true</uninitialized>
         <run_address>0x200011d4</run_address>
         <size>0x4</size>
      </object_component>
      <object_component id="oc-1d9">
         <name>.common:RawGetPt</name>
         <uninitialized>true</uninitialized>
         <run_address>0x200011d0</run_address>
         <size>0x4</size>
      </object_component>
      <object_component id="oc-1da">
         <name>.common:recovered_String</name>
         <uninitialized>true</uninitialized>
         <run_address>0x20000c00</run_address>
         <size>0x400</size>
      </object_component>
      <object_component id="oc-28d">
         <name>.common:__TI_tmpnams</name>
         <uninitialized>true</uninitialized>
         <run_address>0x20001120</run_address>
         <size>0xa0</size>
      </object_component>
      <object_component id="oc-2ed">
         <name>.common:parmbuf</name>
         <uninitialized>true</uninitialized>
         <run_address>0x200011c0</run_address>
         <size>0x8</size>
      </object_component>
      <object_component id="oc-24">
         <name>.sysmem</name>
         <uninitialized>true</uninitialized>
         <run_address>0x20001660</run_address>
         <size>0x10</size>
         <input_file_ref idref="fl-d2"/>
      </object_component>
      <object_component id="oc-3b4">
         <name>.sysmem</name>
         <uninitialized>true</uninitialized>
         <run_address>0x20001660</run_address>
         <size>0x0</size>
      </object_component>
      <object_component id="oc-27">
         <name>.stack</name>
         <uninitialized>true</uninitialized>
         <run_address>0x20001460</run_address>
         <size>0x4</size>
         <input_file_ref idref="fl-d4"/>
      </object_component>
      <object_component id="oc-3b3">
         <name>.stack</name>
         <uninitialized>true</uninitialized>
         <run_address>0x20001460</run_address>
         <size>0x0</size>
      </object_component>
      <object_component id="oc-1bb">
         <name>.debug_info</name>
         <load_address>0x0</load_address>
         <run_address>0x0</run_address>
         <size>0x2ec</size>
         <input_file_ref idref="fl-1"/>
      </object_component>
      <object_component id="oc-fd">
         <name>.debug_info</name>
         <load_address>0x2ec</load_address>
         <run_address>0x2ec</run_address>
         <size>0x26b</size>
         <input_file_ref idref="fl-1"/>
      </object_component>
      <object_component id="oc-5d">
         <name>.debug_info</name>
         <load_address>0x557</load_address>
         <run_address>0x557</run_address>
         <size>0x84</size>
         <input_file_ref idref="fl-1"/>
      </object_component>
      <object_component id="oc-19b">
         <name>.debug_info</name>
         <load_address>0x5db</load_address>
         <run_address>0x5db</run_address>
         <size>0x2a4</size>
         <input_file_ref idref="fl-1"/>
      </object_component>
      <object_component id="oc-c7">
         <name>.debug_info</name>
         <load_address>0x87f</load_address>
         <run_address>0x87f</run_address>
         <size>0xbb</size>
         <input_file_ref idref="fl-1"/>
      </object_component>
      <object_component id="oc-21b">
         <name>.debug_info</name>
         <load_address>0x93a</load_address>
         <run_address>0x93a</run_address>
         <size>0x29f</size>
         <input_file_ref idref="fl-3"/>
      </object_component>
      <object_component id="oc-d2">
         <name>.debug_info</name>
         <load_address>0xbd9</load_address>
         <run_address>0xbd9</run_address>
         <size>0x1de</size>
         <input_file_ref idref="fl-3"/>
      </object_component>
      <object_component id="oc-1a8">
         <name>.debug_info</name>
         <load_address>0xdb7</load_address>
         <run_address>0xdb7</run_address>
         <size>0x114</size>
         <input_file_ref idref="fl-3"/>
      </object_component>
      <object_component id="oc-143">
         <name>.debug_info</name>
         <load_address>0xecb</load_address>
         <run_address>0xecb</run_address>
         <size>0xcc</size>
         <input_file_ref idref="fl-3"/>
      </object_component>
      <object_component id="oc-1af">
         <name>.debug_info</name>
         <load_address>0xf97</load_address>
         <run_address>0xf97</run_address>
         <size>0x3e1</size>
         <input_file_ref idref="fl-6"/>
      </object_component>
      <object_component id="oc-e1">
         <name>.debug_info</name>
         <load_address>0x1378</load_address>
         <run_address>0x1378</run_address>
         <size>0xee</size>
         <input_file_ref idref="fl-6"/>
      </object_component>
      <object_component id="oc-1a4">
         <name>.debug_info</name>
         <load_address>0x1466</load_address>
         <run_address>0x1466</run_address>
         <size>0xea</size>
         <input_file_ref idref="fl-6"/>
      </object_component>
      <object_component id="oc-db">
         <name>.debug_info</name>
         <load_address>0x1550</load_address>
         <run_address>0x1550</run_address>
         <size>0xe8</size>
         <input_file_ref idref="fl-6"/>
      </object_component>
      <object_component id="oc-de">
         <name>.debug_info</name>
         <load_address>0x1638</load_address>
         <run_address>0x1638</run_address>
         <size>0x133</size>
         <input_file_ref idref="fl-6"/>
      </object_component>
      <object_component id="oc-37">
         <name>.debug_info</name>
         <load_address>0x176b</load_address>
         <run_address>0x176b</run_address>
         <size>0x2bc</size>
         <input_file_ref idref="fl-6"/>
      </object_component>
      <object_component id="oc-1ce">
         <name>.debug_info</name>
         <load_address>0x1a27</load_address>
         <run_address>0x1a27</run_address>
         <size>0x139</size>
         <input_file_ref idref="fl-7"/>
      </object_component>
      <object_component id="oc-eb">
         <name>.debug_info</name>
         <load_address>0x1b60</load_address>
         <run_address>0x1b60</run_address>
         <size>0x3f4</size>
         <input_file_ref idref="fl-8"/>
      </object_component>
      <object_component id="oc-d8">
         <name>.debug_info</name>
         <load_address>0x1f54</load_address>
         <run_address>0x1f54</run_address>
         <size>0x13b</size>
         <input_file_ref idref="fl-8"/>
      </object_component>
      <object_component id="oc-49">
         <name>.debug_info</name>
         <load_address>0x208f</load_address>
         <run_address>0x208f</run_address>
         <size>0x4b3</size>
         <input_file_ref idref="fl-8"/>
      </object_component>
      <object_component id="oc-e7">
         <name>.debug_info</name>
         <load_address>0x2542</load_address>
         <run_address>0x2542</run_address>
         <size>0x2b7</size>
         <input_file_ref idref="fl-9"/>
      </object_component>
      <object_component id="oc-43">
         <name>.debug_info</name>
         <load_address>0x27f9</load_address>
         <run_address>0x27f9</run_address>
         <size>0x1cf</size>
         <input_file_ref idref="fl-9"/>
      </object_component>
      <object_component id="oc-f8">
         <name>.debug_info</name>
         <load_address>0x29c8</load_address>
         <run_address>0x29c8</run_address>
         <size>0x2af</size>
         <input_file_ref idref="fl-a"/>
      </object_component>
      <object_component id="oc-4f">
         <name>.debug_info</name>
         <load_address>0x2c77</load_address>
         <run_address>0x2c77</run_address>
         <size>0x1cf</size>
         <input_file_ref idref="fl-a"/>
      </object_component>
      <object_component id="oc-e5">
         <name>.debug_info</name>
         <load_address>0x2e46</load_address>
         <run_address>0x2e46</run_address>
         <size>0x335</size>
         <input_file_ref idref="fl-b"/>
      </object_component>
      <object_component id="oc-3d">
         <name>.debug_info</name>
         <load_address>0x317b</load_address>
         <run_address>0x317b</run_address>
         <size>0x519</size>
         <input_file_ref idref="fl-b"/>
      </object_component>
      <object_component id="oc-9a">
         <name>.debug_info</name>
         <load_address>0x3694</load_address>
         <run_address>0x3694</run_address>
         <size>0x588</size>
         <input_file_ref idref="fl-d"/>
      </object_component>
      <object_component id="oc-9e">
         <name>.debug_info</name>
         <load_address>0x3c1c</load_address>
         <run_address>0x3c1c</run_address>
         <size>0xee</size>
         <input_file_ref idref="fl-d"/>
      </object_component>
      <object_component id="oc-a3">
         <name>.debug_info</name>
         <load_address>0x3d0a</load_address>
         <run_address>0x3d0a</run_address>
         <size>0xee</size>
         <input_file_ref idref="fl-d"/>
      </object_component>
      <object_component id="oc-31">
         <name>.debug_info</name>
         <load_address>0x3df8</load_address>
         <run_address>0x3df8</run_address>
         <size>0x17ce</size>
         <input_file_ref idref="fl-d"/>
      </object_component>
      <object_component id="oc-cc">
         <name>.debug_info</name>
         <load_address>0x55c6</load_address>
         <run_address>0x55c6</run_address>
         <size>0x2c</size>
         <input_file_ref idref="fl-d"/>
      </object_component>
      <object_component id="oc-148">
         <name>.debug_info</name>
         <load_address>0x55f2</load_address>
         <run_address>0x55f2</run_address>
         <size>0x35</size>
         <input_file_ref idref="fl-d"/>
      </object_component>
      <object_component id="oc-1d4">
         <name>.debug_info</name>
         <load_address>0x5627</load_address>
         <run_address>0x5627</run_address>
         <size>0x481</size>
         <input_file_ref idref="fl-e"/>
      </object_component>
      <object_component id="oc-1d7">
         <name>.debug_info</name>
         <load_address>0x5aa8</load_address>
         <run_address>0x5aa8</run_address>
         <size>0xec</size>
         <input_file_ref idref="fl-e"/>
      </object_component>
      <object_component id="oc-124">
         <name>.debug_info</name>
         <load_address>0x5b94</load_address>
         <run_address>0x5b94</run_address>
         <size>0x56e</size>
         <input_file_ref idref="fl-e"/>
      </object_component>
      <object_component id="oc-56">
         <name>.debug_info</name>
         <load_address>0x6102</load_address>
         <run_address>0x6102</run_address>
         <size>0x2cc</size>
         <input_file_ref idref="fl-f"/>
      </object_component>
      <object_component id="oc-13">
         <name>.debug_info</name>
         <load_address>0x63ce</load_address>
         <run_address>0x63ce</run_address>
         <size>0x10b</size>
         <input_file_ref idref="fl-f"/>
      </object_component>
      <object_component id="oc-2b">
         <name>.debug_info</name>
         <load_address>0x64d9</load_address>
         <run_address>0x64d9</run_address>
         <size>0x39e6</size>
         <input_file_ref idref="fl-f"/>
      </object_component>
      <object_component id="oc-173">
         <name>.debug_info</name>
         <load_address>0x9ebf</load_address>
         <run_address>0x9ebf</run_address>
         <size>0x3f5</size>
         <input_file_ref idref="fl-c9"/>
      </object_component>
      <object_component id="oc-169">
         <name>.debug_info</name>
         <load_address>0xa2b4</load_address>
         <run_address>0xa2b4</run_address>
         <size>0x20e</size>
         <input_file_ref idref="fl-c9"/>
      </object_component>
      <object_component id="oc-18b">
         <name>.debug_info</name>
         <load_address>0xa4c2</load_address>
         <run_address>0xa4c2</run_address>
         <size>0x176</size>
         <input_file_ref idref="fl-c9"/>
      </object_component>
      <object_component id="oc-b8">
         <name>.debug_info</name>
         <load_address>0xa638</load_address>
         <run_address>0xa638</run_address>
         <size>0x1e4</size>
         <input_file_ref idref="fl-c9"/>
      </object_component>
      <object_component id="oc-b2">
         <name>.debug_info</name>
         <load_address>0xa81c</load_address>
         <run_address>0xa81c</run_address>
         <size>0x1cd</size>
         <input_file_ref idref="fl-c9"/>
      </object_component>
      <object_component id="oc-137">
         <name>.debug_info</name>
         <load_address>0xa9e9</load_address>
         <run_address>0xa9e9</run_address>
         <size>0x2c</size>
         <input_file_ref idref="fl-c9"/>
      </object_component>
      <object_component id="oc-276">
         <name>.debug_info</name>
         <load_address>0xaa15</load_address>
         <run_address>0xaa15</run_address>
         <size>0xb2</size>
         <input_file_ref idref="fl-c9"/>
      </object_component>
      <object_component id="oc-191">
         <name>.debug_info</name>
         <load_address>0xaac7</load_address>
         <run_address>0xaac7</run_address>
         <size>0x374</size>
         <input_file_ref idref="fl-ca"/>
      </object_component>
      <object_component id="oc-be">
         <name>.debug_info</name>
         <load_address>0xae3b</load_address>
         <run_address>0xae3b</run_address>
         <size>0x20b</size>
         <input_file_ref idref="fl-ca"/>
      </object_component>
      <object_component id="oc-192">
         <name>.debug_info</name>
         <load_address>0xb046</load_address>
         <run_address>0xb046</run_address>
         <size>0xbf</size>
         <input_file_ref idref="fl-ca"/>
      </object_component>
      <object_component id="oc-118">
         <name>.debug_info</name>
         <load_address>0xb105</load_address>
         <run_address>0xb105</run_address>
         <size>0x147</size>
         <input_file_ref idref="fl-cb"/>
      </object_component>
      <object_component id="oc-116">
         <name>.debug_info</name>
         <load_address>0xb24c</load_address>
         <run_address>0xb24c</run_address>
         <size>0x2d4</size>
         <input_file_ref idref="fl-cc"/>
      </object_component>
      <object_component id="oc-75">
         <name>.debug_info</name>
         <load_address>0xb520</load_address>
         <run_address>0xb520</run_address>
         <size>0x1b5</size>
         <input_file_ref idref="fl-cc"/>
      </object_component>
      <object_component id="oc-111">
         <name>.debug_info</name>
         <load_address>0xb6d5</load_address>
         <run_address>0xb6d5</run_address>
         <size>0x46</size>
         <input_file_ref idref="fl-cc"/>
      </object_component>
      <object_component id="oc-1c4">
         <name>.debug_info</name>
         <load_address>0xb71b</load_address>
         <run_address>0xb71b</run_address>
         <size>0x2c</size>
         <input_file_ref idref="fl-cc"/>
      </object_component>
      <object_component id="oc-6d">
         <name>.debug_info</name>
         <load_address>0xb747</load_address>
         <run_address>0xb747</run_address>
         <size>0x2a8</size>
         <input_file_ref idref="fl-cd"/>
      </object_component>
      <object_component id="oc-1c">
         <name>.debug_info</name>
         <load_address>0xb9ef</load_address>
         <run_address>0xb9ef</run_address>
         <size>0x1ea</size>
         <input_file_ref idref="fl-cd"/>
      </object_component>
      <object_component id="oc-68">
         <name>.debug_info</name>
         <load_address>0xbbd9</load_address>
         <run_address>0xbbd9</run_address>
         <size>0x46</size>
         <input_file_ref idref="fl-cd"/>
      </object_component>
      <object_component id="oc-109">
         <name>.debug_info</name>
         <load_address>0xbc1f</load_address>
         <run_address>0xbc1f</run_address>
         <size>0x2c</size>
         <input_file_ref idref="fl-cd"/>
      </object_component>
      <object_component id="oc-107">
         <name>.debug_info</name>
         <load_address>0xbc4b</load_address>
         <run_address>0xbc4b</run_address>
         <size>0x29e</size>
         <input_file_ref idref="fl-ce"/>
      </object_component>
      <object_component id="oc-16">
         <name>.debug_info</name>
         <load_address>0xbee9</load_address>
         <run_address>0xbee9</run_address>
         <size>0x250</size>
         <input_file_ref idref="fl-ce"/>
      </object_component>
      <object_component id="oc-58">
         <name>.debug_info</name>
         <load_address>0xc139</load_address>
         <run_address>0xc139</run_address>
         <size>0x60</size>
         <input_file_ref idref="fl-ce"/>
      </object_component>
      <object_component id="oc-1bd">
         <name>.debug_info</name>
         <load_address>0xc199</load_address>
         <run_address>0xc199</run_address>
         <size>0x46</size>
         <input_file_ref idref="fl-ce"/>
      </object_component>
      <object_component id="oc-102">
         <name>.debug_info</name>
         <load_address>0xc1df</load_address>
         <run_address>0xc1df</run_address>
         <size>0x39</size>
         <input_file_ref idref="fl-ce"/>
      </object_component>
      <object_component id="oc-2a6">
         <name>.debug_info</name>
         <load_address>0xc218</load_address>
         <run_address>0xc218</run_address>
         <size>0x3ad</size>
         <input_file_ref idref="fl-cf"/>
      </object_component>
      <object_component id="oc-188">
         <name>.debug_info</name>
         <load_address>0xc5c5</load_address>
         <run_address>0xc5c5</run_address>
         <size>0x190</size>
         <input_file_ref idref="fl-cf"/>
      </object_component>
      <object_component id="oc-1de">
         <name>.debug_info</name>
         <load_address>0xc755</load_address>
         <run_address>0xc755</run_address>
         <size>0x122</size>
         <input_file_ref idref="fl-cf"/>
      </object_component>
      <object_component id="oc-1e4">
         <name>.debug_info</name>
         <load_address>0xc877</load_address>
         <run_address>0xc877</run_address>
         <size>0x184</size>
         <input_file_ref idref="fl-cf"/>
      </object_component>
      <object_component id="oc-230">
         <name>.debug_info</name>
         <load_address>0xc9fb</load_address>
         <run_address>0xc9fb</run_address>
         <size>0x2c9</size>
         <input_file_ref idref="fl-d0"/>
      </object_component>
      <object_component id="oc-160">
         <name>.debug_info</name>
         <load_address>0xccc4</load_address>
         <run_address>0xccc4</run_address>
         <size>0x11e</size>
         <input_file_ref idref="fl-d0"/>
      </object_component>
      <object_component id="oc-229">
         <name>.debug_info</name>
         <load_address>0xcde2</load_address>
         <run_address>0xcde2</run_address>
         <size>0x12e</size>
         <input_file_ref idref="fl-d0"/>
      </object_component>
      <object_component id="oc-199">
         <name>.debug_info</name>
         <load_address>0xcf10</load_address>
         <run_address>0xcf10</run_address>
         <size>0x144</size>
         <input_file_ref idref="fl-d1"/>
      </object_component>
      <object_component id="oc-c4">
         <name>.debug_info</name>
         <load_address>0xd054</load_address>
         <run_address>0xd054</run_address>
         <size>0x102</size>
         <input_file_ref idref="fl-d1"/>
      </object_component>
      <object_component id="oc-170">
         <name>.debug_info</name>
         <load_address>0xd156</load_address>
         <run_address>0xd156</run_address>
         <size>0x18f</size>
         <input_file_ref idref="fl-d1"/>
      </object_component>
      <object_component id="oc-94">
         <name>.debug_info</name>
         <load_address>0xd2e5</load_address>
         <run_address>0xd2e5</run_address>
         <size>0x3b2</size>
         <input_file_ref idref="fl-d2"/>
      </object_component>
      <object_component id="oc-25">
         <name>.debug_info</name>
         <load_address>0xd697</load_address>
         <run_address>0xd697</run_address>
         <size>0x10c</size>
         <input_file_ref idref="fl-d2"/>
      </object_component>
      <object_component id="oc-31f">
         <name>.debug_info</name>
         <load_address>0xd7a3</load_address>
         <run_address>0xd7a3</run_address>
         <size>0x13f</size>
         <input_file_ref idref="fl-d2"/>
      </object_component>
      <object_component id="oc-182">
         <name>.debug_info</name>
         <load_address>0xd8e2</load_address>
         <run_address>0xd8e2</run_address>
         <size>0x168</size>
         <input_file_ref idref="fl-d2"/>
      </object_component>
      <object_component id="oc-291">
         <name>.debug_info</name>
         <load_address>0xda4a</load_address>
         <run_address>0xda4a</run_address>
         <size>0x18e</size>
         <input_file_ref idref="fl-d2"/>
      </object_component>
      <object_component id="oc-297">
         <name>.debug_info</name>
         <load_address>0xdbd8</load_address>
         <run_address>0xdbd8</run_address>
         <size>0x19f</size>
         <input_file_ref idref="fl-d2"/>
      </object_component>
      <object_component id="oc-17c">
         <name>.debug_info</name>
         <load_address>0xdd77</load_address>
         <run_address>0xdd77</run_address>
         <size>0x203</size>
         <input_file_ref idref="fl-d2"/>
      </object_component>
      <object_component id="oc-324">
         <name>.debug_info</name>
         <load_address>0xdf7a</load_address>
         <run_address>0xdf7a</run_address>
         <size>0x1db</size>
         <input_file_ref idref="fl-d2"/>
      </object_component>
      <object_component id="oc-29e">
         <name>.debug_info</name>
         <load_address>0xe155</load_address>
         <run_address>0xe155</run_address>
         <size>0x299</size>
         <input_file_ref idref="fl-d2"/>
      </object_component>
      <object_component id="oc-13c">
         <name>.debug_info</name>
         <load_address>0xe3ee</load_address>
         <run_address>0xe3ee</run_address>
         <size>0xb2</size>
         <input_file_ref idref="fl-d2"/>
      </object_component>
      <object_component id="oc-152">
         <name>.debug_info</name>
         <load_address>0xe4a0</load_address>
         <run_address>0xe4a0</run_address>
         <size>0x2a4</size>
         <input_file_ref idref="fl-d3"/>
      </object_component>
      <object_component id="oc-a6">
         <name>.debug_info</name>
         <load_address>0xe744</load_address>
         <run_address>0xe744</run_address>
         <size>0x24d</size>
         <input_file_ref idref="fl-d3"/>
      </object_component>
      <object_component id="oc-28">
         <name>.debug_info</name>
         <load_address>0xe991</load_address>
         <run_address>0xe991</run_address>
         <size>0x10b</size>
         <input_file_ref idref="fl-d4"/>
      </object_component>
      <object_component id="oc-81">
         <name>.debug_info</name>
         <load_address>0xea9c</load_address>
         <run_address>0xea9c</run_address>
         <size>0x1a9</size>
         <input_file_ref idref="fl-d4"/>
      </object_component>
      <object_component id="oc-30f">
         <name>.debug_info</name>
         <load_address>0xec45</load_address>
         <run_address>0xec45</run_address>
         <size>0x402</size>
         <input_file_ref idref="fl-d5"/>
      </object_component>
      <object_component id="oc-26c">
         <name>.debug_info</name>
         <load_address>0xf047</load_address>
         <run_address>0xf047</run_address>
         <size>0x245</size>
         <input_file_ref idref="fl-d5"/>
      </object_component>
      <object_component id="oc-2ff">
         <name>.debug_info</name>
         <load_address>0xf28c</load_address>
         <run_address>0xf28c</run_address>
         <size>0x120</size>
         <input_file_ref idref="fl-d5"/>
      </object_component>
      <object_component id="oc-167">
         <name>.debug_info</name>
         <load_address>0xf3ac</load_address>
         <run_address>0xf3ac</run_address>
         <size>0x445</size>
         <input_file_ref idref="fl-d6"/>
      </object_component>
      <object_component id="oc-ac">
         <name>.debug_info</name>
         <load_address>0xf7f1</load_address>
         <run_address>0xf7f1</run_address>
         <size>0x2db</size>
         <input_file_ref idref="fl-d6"/>
      </object_component>
      <object_component id="oc-266">
         <name>.debug_info</name>
         <load_address>0xfacc</load_address>
         <run_address>0xfacc</run_address>
         <size>0xea</size>
         <input_file_ref idref="fl-d6"/>
      </object_component>
      <object_component id="oc-261">
         <name>.debug_info</name>
         <load_address>0xfbb6</load_address>
         <run_address>0xfbb6</run_address>
         <size>0x2c</size>
         <input_file_ref idref="fl-d6"/>
      </object_component>
      <object_component id="oc-28f">
         <name>.debug_info</name>
         <load_address>0xfbe2</load_address>
         <run_address>0xfbe2</run_address>
         <size>0x3a5</size>
         <input_file_ref idref="fl-d7"/>
      </object_component>
      <object_component id="oc-175">
         <name>.debug_info</name>
         <load_address>0xff87</load_address>
         <run_address>0xff87</run_address>
         <size>0x1f3</size>
         <input_file_ref idref="fl-d7"/>
      </object_component>
      <object_component id="oc-317">
         <name>.debug_info</name>
         <load_address>0x1017a</load_address>
         <run_address>0x1017a</run_address>
         <size>0x347</size>
         <input_file_ref idref="fl-d8"/>
      </object_component>
      <object_component id="oc-27c">
         <name>.debug_info</name>
         <load_address>0x104c1</load_address>
         <run_address>0x104c1</run_address>
         <size>0x18a</size>
         <input_file_ref idref="fl-d8"/>
      </object_component>
      <object_component id="oc-225">
         <name>.debug_info</name>
         <load_address>0x1064b</load_address>
         <run_address>0x1064b</run_address>
         <size>0x42c</size>
         <input_file_ref idref="fl-d9"/>
      </object_component>
      <object_component id="oc-154">
         <name>.debug_info</name>
         <load_address>0x10a77</load_address>
         <run_address>0x10a77</run_address>
         <size>0x192</size>
         <input_file_ref idref="fl-d9"/>
      </object_component>
      <object_component id="oc-305">
         <name>.debug_info</name>
         <load_address>0x10c09</load_address>
         <run_address>0x10c09</run_address>
         <size>0x1eb</size>
         <input_file_ref idref="fl-d9"/>
      </object_component>
      <object_component id="oc-64">
         <name>.debug_info</name>
         <load_address>0x10df4</load_address>
         <run_address>0x10df4</run_address>
         <size>0x119</size>
         <input_file_ref idref="fl-da"/>
      </object_component>
      <object_component id="oc-2bb">
         <name>.debug_info</name>
         <load_address>0x10f0d</load_address>
         <run_address>0x10f0d</run_address>
         <size>0x4b3</size>
         <input_file_ref idref="fl-db"/>
      </object_component>
      <object_component id="oc-1ed">
         <name>.debug_info</name>
         <load_address>0x113c0</load_address>
         <run_address>0x113c0</run_address>
         <size>0x1a6</size>
         <input_file_ref idref="fl-db"/>
      </object_component>
      <object_component id="oc-32e">
         <name>.debug_info</name>
         <load_address>0x11566</load_address>
         <run_address>0x11566</run_address>
         <size>0x39</size>
         <input_file_ref idref="fl-db"/>
      </object_component>
      <object_component id="oc-36d">
         <name>.debug_info</name>
         <load_address>0x1159f</load_address>
         <run_address>0x1159f</run_address>
         <size>0x39</size>
         <input_file_ref idref="fl-db"/>
      </object_component>
      <object_component id="oc-333">
         <name>.debug_info</name>
         <load_address>0x115d8</load_address>
         <run_address>0x115d8</run_address>
         <size>0x39</size>
         <input_file_ref idref="fl-db"/>
      </object_component>
      <object_component id="oc-338">
         <name>.debug_info</name>
         <load_address>0x11611</load_address>
         <run_address>0x11611</run_address>
         <size>0xcd</size>
         <input_file_ref idref="fl-db"/>
      </object_component>
      <object_component id="oc-11e">
         <name>.debug_info</name>
         <load_address>0x116de</load_address>
         <run_address>0x116de</run_address>
         <size>0x153</size>
         <input_file_ref idref="fl-dc"/>
      </object_component>
      <object_component id="oc-380">
         <name>.debug_info</name>
         <load_address>0x11831</load_address>
         <run_address>0x11831</run_address>
         <size>0x29a</size>
         <input_file_ref idref="fl-df"/>
      </object_component>
      <object_component id="oc-358">
         <name>.debug_info</name>
         <load_address>0x11acb</load_address>
         <run_address>0x11acb</run_address>
         <size>0x262</size>
         <input_file_ref idref="fl-df"/>
      </object_component>
      <object_component id="oc-2d3">
         <name>.debug_info</name>
         <load_address>0x11d2d</load_address>
         <run_address>0x11d2d</run_address>
         <size>0x28a</size>
         <input_file_ref idref="fl-e0"/>
      </object_component>
      <object_component id="oc-21f">
         <name>.debug_info</name>
         <load_address>0x11fb7</load_address>
         <run_address>0x11fb7</run_address>
         <size>0x273</size>
         <input_file_ref idref="fl-e0"/>
      </object_component>
      <object_component id="oc-227">
         <name>.debug_info</name>
         <load_address>0x1222a</load_address>
         <run_address>0x1222a</run_address>
         <size>0x2af</size>
         <input_file_ref idref="fl-e1"/>
      </object_component>
      <object_component id="oc-15a">
         <name>.debug_info</name>
         <load_address>0x124d9</load_address>
         <run_address>0x124d9</run_address>
         <size>0x277</size>
         <input_file_ref idref="fl-e1"/>
      </object_component>
      <object_component id="oc-363">
         <name>.debug_info</name>
         <load_address>0x12750</load_address>
         <run_address>0x12750</run_address>
         <size>0x397</size>
         <input_file_ref idref="fl-e2"/>
      </object_component>
      <object_component id="oc-311">
         <name>.debug_info</name>
         <load_address>0x12ae7</load_address>
         <run_address>0x12ae7</run_address>
         <size>0x18f</size>
         <input_file_ref idref="fl-e2"/>
      </object_component>
      <object_component id="oc-25e">
         <name>.debug_info</name>
         <load_address>0x12c76</load_address>
         <run_address>0x12c76</run_address>
         <size>0x337</size>
         <input_file_ref idref="fl-e3"/>
      </object_component>
      <object_component id="oc-164">
         <name>.debug_info</name>
         <load_address>0x12fad</load_address>
         <run_address>0x12fad</run_address>
         <size>0x109</size>
         <input_file_ref idref="fl-e3"/>
      </object_component>
      <object_component id="oc-30c">
         <name>.debug_info</name>
         <load_address>0x130b6</load_address>
         <run_address>0x130b6</run_address>
         <size>0x109</size>
         <input_file_ref idref="fl-e3"/>
      </object_component>
      <object_component id="oc-319">
         <name>.debug_info</name>
         <load_address>0x131bf</load_address>
         <run_address>0x131bf</run_address>
         <size>0x3cf</size>
         <input_file_ref idref="fl-e5"/>
      </object_component>
      <object_component id="oc-282">
         <name>.debug_info</name>
         <load_address>0x1358e</load_address>
         <run_address>0x1358e</run_address>
         <size>0x195</size>
         <input_file_ref idref="fl-e5"/>
      </object_component>
      <object_component id="oc-31b">
         <name>.debug_info</name>
         <load_address>0x13723</load_address>
         <run_address>0x13723</run_address>
         <size>0x3d1</size>
         <input_file_ref idref="fl-e6"/>
      </object_component>
      <object_component id="oc-288">
         <name>.debug_info</name>
         <load_address>0x13af4</load_address>
         <run_address>0x13af4</run_address>
         <size>0x1a5</size>
         <input_file_ref idref="fl-e6"/>
      </object_component>
      <object_component id="oc-2f2">
         <name>.debug_info</name>
         <load_address>0x13c99</load_address>
         <run_address>0x13c99</run_address>
         <size>0x373</size>
         <input_file_ref idref="fl-e7"/>
      </object_component>
      <object_component id="oc-239">
         <name>.debug_info</name>
         <load_address>0x1400c</load_address>
         <run_address>0x1400c</run_address>
         <size>0x1bc</size>
         <input_file_ref idref="fl-e7"/>
      </object_component>
      <object_component id="oc-2f8">
         <name>.debug_info</name>
         <load_address>0x141c8</load_address>
         <run_address>0x141c8</run_address>
         <size>0x378</size>
         <input_file_ref idref="fl-e8"/>
      </object_component>
      <object_component id="oc-24b">
         <name>.debug_info</name>
         <load_address>0x14540</load_address>
         <run_address>0x14540</run_address>
         <size>0x210</size>
         <input_file_ref idref="fl-e8"/>
      </object_component>
      <object_component id="oc-2ee">
         <name>.debug_info</name>
         <load_address>0x14750</load_address>
         <run_address>0x14750</run_address>
         <size>0x3a3</size>
         <input_file_ref idref="fl-e9"/>
      </object_component>
      <object_component id="oc-233">
         <name>.debug_info</name>
         <load_address>0x14af3</load_address>
         <run_address>0x14af3</run_address>
         <size>0x20c</size>
         <input_file_ref idref="fl-e9"/>
      </object_component>
      <object_component id="oc-2f4">
         <name>.debug_info</name>
         <load_address>0x14cff</load_address>
         <run_address>0x14cff</run_address>
         <size>0x377</size>
         <input_file_ref idref="fl-ea"/>
      </object_component>
      <object_component id="oc-23f">
         <name>.debug_info</name>
         <load_address>0x15076</load_address>
         <run_address>0x15076</run_address>
         <size>0x1fb</size>
         <input_file_ref idref="fl-ea"/>
      </object_component>
      <object_component id="oc-2fc">
         <name>.debug_info</name>
         <load_address>0x15271</load_address>
         <run_address>0x15271</run_address>
         <size>0x3d5</size>
         <input_file_ref idref="fl-eb"/>
      </object_component>
      <object_component id="oc-257">
         <name>.debug_info</name>
         <load_address>0x15646</load_address>
         <run_address>0x15646</run_address>
         <size>0x236</size>
         <input_file_ref idref="fl-eb"/>
      </object_component>
      <object_component id="oc-2fa">
         <name>.debug_info</name>
         <load_address>0x1587c</load_address>
         <run_address>0x1587c</run_address>
         <size>0x396</size>
         <input_file_ref idref="fl-ec"/>
      </object_component>
      <object_component id="oc-251">
         <name>.debug_info</name>
         <load_address>0x15c12</load_address>
         <run_address>0x15c12</run_address>
         <size>0x1c6</size>
         <input_file_ref idref="fl-ec"/>
      </object_component>
      <object_component id="oc-2f6">
         <name>.debug_info</name>
         <load_address>0x15dd8</load_address>
         <run_address>0x15dd8</run_address>
         <size>0x378</size>
         <input_file_ref idref="fl-ed"/>
      </object_component>
      <object_component id="oc-245">
         <name>.debug_info</name>
         <load_address>0x16150</load_address>
         <run_address>0x16150</run_address>
         <size>0x200</size>
         <input_file_ref idref="fl-ed"/>
      </object_component>
      <object_component id="oc-347">
         <name>.debug_info</name>
         <load_address>0x16350</load_address>
         <run_address>0x16350</run_address>
         <size>0x2bb</size>
         <input_file_ref idref="fl-ee"/>
      </object_component>
      <object_component id="oc-344">
         <name>.debug_info</name>
         <load_address>0x1660b</load_address>
         <run_address>0x1660b</run_address>
         <size>0x108</size>
         <input_file_ref idref="fl-ee"/>
      </object_component>
      <object_component id="oc-2e2">
         <name>.debug_info</name>
         <load_address>0x16713</load_address>
         <run_address>0x16713</run_address>
         <size>0x1df</size>
         <input_file_ref idref="fl-ee"/>
      </object_component>
      <object_component id="oc-2e8">
         <name>.debug_info</name>
         <load_address>0x168f2</load_address>
         <run_address>0x168f2</run_address>
         <size>0x19a</size>
         <input_file_ref idref="fl-ee"/>
      </object_component>
      <object_component id="oc-342">
         <name>.debug_info</name>
         <load_address>0x16a8c</load_address>
         <run_address>0x16a8c</run_address>
         <size>0x28f</size>
         <input_file_ref idref="fl-ef"/>
      </object_component>
      <object_component id="oc-2dc">
         <name>.debug_info</name>
         <load_address>0x16d1b</load_address>
         <run_address>0x16d1b</run_address>
         <size>0x245</size>
         <input_file_ref idref="fl-ef"/>
      </object_component>
      <object_component id="oc-3b5">
         <name>.debug_info</name>
         <load_address>0x16f60</load_address>
         <run_address>0x16f60</run_address>
         <size>0xbe</size>
      </object_component>
      <object_component id="oc-2b2">
         <name>.debug_line</name>
         <load_address>0x0</load_address>
         <run_address>0x0</run_address>
         <size>0x34</size>
         <input_file_ref idref="fl-1"/>
      </object_component>
      <object_component id="oc-100">
         <name>.debug_line</name>
         <load_address>0x34</load_address>
         <run_address>0x34</run_address>
         <size>0x7a</size>
         <input_file_ref idref="fl-1"/>
      </object_component>
      <object_component id="oc-60">
         <name>.debug_line</name>
         <load_address>0xae</load_address>
         <run_address>0xae</run_address>
         <size>0x20</size>
         <input_file_ref idref="fl-1"/>
      </object_component>
      <object_component id="oc-19e">
         <name>.debug_line</name>
         <load_address>0xce</load_address>
         <run_address>0xce</run_address>
         <size>0x7e</size>
         <input_file_ref idref="fl-1"/>
      </object_component>
      <object_component id="oc-ca">
         <name>.debug_line</name>
         <load_address>0x14c</load_address>
         <run_address>0x14c</run_address>
         <size>0x7b</size>
         <input_file_ref idref="fl-1"/>
      </object_component>
      <object_component id="oc-2d1">
         <name>.debug_line</name>
         <load_address>0x1c7</load_address>
         <run_address>0x1c7</run_address>
         <size>0x20</size>
         <input_file_ref idref="fl-3"/>
      </object_component>
      <object_component id="oc-d5">
         <name>.debug_line</name>
         <load_address>0x1e7</load_address>
         <run_address>0x1e7</run_address>
         <size>0x8a</size>
         <input_file_ref idref="fl-3"/>
      </object_component>
      <object_component id="oc-1ab">
         <name>.debug_line</name>
         <load_address>0x271</load_address>
         <run_address>0x271</run_address>
         <size>0x2e</size>
         <input_file_ref idref="fl-3"/>
      </object_component>
      <object_component id="oc-146">
         <name>.debug_line</name>
         <load_address>0x29f</load_address>
         <run_address>0x29f</run_address>
         <size>0x75</size>
         <input_file_ref idref="fl-3"/>
      </object_component>
      <object_component id="oc-2b0">
         <name>.debug_line</name>
         <load_address>0x314</load_address>
         <run_address>0x314</run_address>
         <size>0x4e</size>
         <input_file_ref idref="fl-6"/>
      </object_component>
      <object_component id="oc-1b2">
         <name>.debug_line</name>
         <load_address>0x362</load_address>
         <run_address>0x362</run_address>
         <size>0x2e</size>
         <input_file_ref idref="fl-6"/>
      </object_component>
      <object_component id="oc-2ae">
         <name>.debug_line</name>
         <load_address>0x390</load_address>
         <run_address>0x390</run_address>
         <size>0x2e</size>
         <input_file_ref idref="fl-6"/>
      </object_component>
      <object_component id="oc-1a7">
         <name>.debug_line</name>
         <load_address>0x3be</load_address>
         <run_address>0x3be</run_address>
         <size>0x2e</size>
         <input_file_ref idref="fl-6"/>
      </object_component>
      <object_component id="oc-1ae">
         <name>.debug_line</name>
         <load_address>0x3ec</load_address>
         <run_address>0x3ec</run_address>
         <size>0x2e</size>
         <input_file_ref idref="fl-6"/>
      </object_component>
      <object_component id="oc-3a">
         <name>.debug_line</name>
         <load_address>0x41a</load_address>
         <run_address>0x41a</run_address>
         <size>0xbe</size>
         <input_file_ref idref="fl-6"/>
      </object_component>
      <object_component id="oc-1d1">
         <name>.debug_line</name>
         <load_address>0x4d8</load_address>
         <run_address>0x4d8</run_address>
         <size>0x52</size>
         <input_file_ref idref="fl-7"/>
      </object_component>
      <object_component id="oc-1b8">
         <name>.debug_line</name>
         <load_address>0x52a</load_address>
         <run_address>0x52a</run_address>
         <size>0x43</size>
         <input_file_ref idref="fl-8"/>
      </object_component>
      <object_component id="oc-1a2">
         <name>.debug_line</name>
         <load_address>0x56d</load_address>
[...]
      <symbol id="sm-3f3">
         <name>Timer5B_Handler</name>
         <value>0x11cf</value>
         <object_component_ref idref="oc-2a"/>
      </symbol>
      <symbol id="sm-3f4">
         <name>ADC1Seq0_Handler</name>
         <value>0x11a5</value>
         <object_component_ref idref="oc-2a"/>
      </symbol>
      <symbol id="sm-3f5">
         <name>GPIOPortK_Handler</name>
         <value>0x11b3</value>
         <object_component_ref idref="oc-2a"/>
      </symbol>
      <symbol id="sm-3f6">
         <name>WideTimer3B_Handler</name>
         <value>0x11df</value>
         <object_component_ref idref="oc-2a"/>
      </symbol>
      <symbol id="sm-3f7">
         <name>WideTimer1B_Handler</name>
         <value>0x11d7</value>
         <object_component_ref idref="oc-2a"/>
      </symbol>
      <symbol id="sm-3f8">
         <name>WideTimer5B_Handler</name>
         <value>0x11e7</value>
         <object_component_ref idref="oc-2a"/>
      </symbol>
      <symbol id="sm-3f9">
         <name>SysCtl_Handler</name>
         <value>0x117d</value>
         <object_component_ref idref="oc-2a"/>
      </symbol>
      <symbol id="sm-3fa">
         <name>GPIOPortB_Handler</name>
         <value>0x1147</value>
         <object_component_ref idref="oc-2a"/>
      </symbol>
      <symbol id="sm-3fb">
         <name>uDMA_Handler</name>
         <value>0x11a1</value>
         <object_component_ref idref="oc-2a"/>
      </symbol>
      <symbol id="sm-3fc">
         <name>ADC0Seq1_Handler</name>
         <value>0x1163</value>
         <object_component_ref idref="oc-2a"/>
      </symbol>
      <symbol id="sm-3fd">
         <name>GPIOPortP7_Handler</name>
         <value>0x1209</value>
         <object_component_ref idref="oc-2a"/>
      </symbol>
      <symbol id="sm-3fe">
         <name>PWM1Fault_Handler</name>
         <value>0x1227</value>
         <object_component_ref idref="oc-2a"/>
      </symbol>
      <symbol id="sm-3ff">
         <name>I2C1_Handler</name>
         <value>0x118f</value>
         <object_component_ref idref="oc-2a"/>
      </symbol>
      <symbol id="sm-400">
         <name>SSI3_Handler</name>
         <value>0x11b9</value>
         <object_component_ref idref="oc-2a"/>
      </symbol>
      <symbol id="sm-401">
         <name>GPIOPortM_Handler</name>
         <value>0x11f3</value>
         <object_component_ref idref="oc-2a"/>
      </symbol>
      <symbol id="sm-402">
         <name>g_pfnVectors</name>
         <value>0x0</value>
         <object_component_ref idref="oc-12"/>
      </symbol>
      <symbol id="sm-403">
         <name>GPIOPortD_Handler</name>
         <value>0x114b</value>
         <object_component_ref idref="oc-2a"/>
      </symbol>
      <symbol id="sm-404">
         <name>GPIOPortQ2_Handler</name>
         <value>0x120f</value>
         <object_component_ref idref="oc-2a"/>
      </symbol>
      <symbol id="sm-405">
         <name>UART2_Handler</name>
         <value>0x1187</value>
         <object_component_ref idref="oc-2a"/>
      </symbol>
      <symbol id="sm-406">
         <name>CAN1_Handler</name>
         <value>0x1195</value>
         <object_component_ref idref="oc-2a"/>
      </symbol>
      <symbol id="sm-407">
         <name>Quadrature0_Handler</name>
         <value>0x115f</value>
         <object_component_ref idref="oc-2a"/>
      </symbol>
      <symbol id="sm-408">
         <name>WideTimer2B_Handler</name>
         <value>0x11db</value>
         <object_component_ref idref="oc-2a"/>
      </symbol>
      <symbol id="sm-409">
         <name>WideTimer0B_Handler</name>
         <value>0x11d3</value>
         <object_component_ref idref="oc-2a"/>
      </symbol>
      <symbol id="sm-40a">
         <name>WideTimer4B_Handler</name>
         <value>0x11e3</value>
         <object_component_ref idref="oc-2a"/>
      </symbol>
      <symbol id="sm-40b">
         <name>GPIOPortQ_Handler</name>
         <value>0x120b</value>
         <object_component_ref idref="oc-2a"/>
      </symbol>
      <symbol id="sm-40c">
         <name>DisableInterrupts</name>
         <value>0x1229</value>
         <object_component_ref idref="oc-2a"/>
      </symbol>
      <symbol id="sm-40d">
         <name>Comp0_Handler</name>
         <value>0x1177</value>
         <object_component_ref idref="oc-2a"/>
      </symbol>
      <symbol id="sm-40e">
         <name>PWM0Generator2_Handler</name>
         <value>0x115d</value>
         <object_component_ref idref="oc-2a"/>
      </symbol>
      <symbol id="sm-40f">
         <name>I2C3_Handler</name>
         <value>0x11c7</value>
         <object_component_ref idref="oc-2a"/>
      </symbol>
      <symbol id="sm-410">
         <name>Ethernet_Handler</name>
         <value>0x1199</value>
         <object_component_ref idref="oc-2a"/>
      </symbol>
      <symbol id="sm-411">
         <name>PWM1Generator3_Handler</name>
         <value>0x1225</value>
         <object_component_ref idref="oc-2a"/>
      </symbol>
      <symbol id="sm-412">
         <name>I2C4_Handler</name>
         <value>0x11ef</value>
         <object_component_ref idref="oc-2a"/>
      </symbol>
      <symbol id="sm-413">
         <name>Fan0_Handler</name>
         <value>0x11f9</value>
         <object_component_ref idref="oc-2a"/>
      </symbol>
      <symbol id="sm-414">
         <name>WaitForInterrupt</name>
         <value>0x123f</value>
         <object_component_ref idref="oc-2a"/>
      </symbol>
      <symbol id="sm-415">
         <name>ADC1Seq3_Handler</name>
         <value>0x11ab</value>
         <object_component_ref idref="oc-2a"/>
      </symbol>
      <symbol id="sm-416">
         <name>GPIOPortQ4_Handler</name>
         <value>0x1213</value>
         <object_component_ref idref="oc-2a"/>
      </symbol>
      <symbol id="sm-417">
         <name>EnableInterrupts</name>
         <value>0x122d</value>
         <object_component_ref idref="oc-2a"/>
      </symbol>
      <symbol id="sm-418">
         <name>GPIOPortA_Handler</name>
         <value>0x1145</value>
         <object_component_ref idref="oc-2a"/>
      </symbol>
      <symbol id="sm-419">
         <name>UART4_Handler</name>
         <value>0x11bd</value>
         <object_component_ref idref="oc-2a"/>
      </symbol>
      <symbol id="sm-41a">
         <name>Quadrature2_Handler</name>
         <value>0x11f7</value>
         <object_component_ref idref="oc-2a"/>
      </symbol>
      <symbol id="sm-41b">
         <name>GPIOPortP2_Handler</name>
         <value>0x11ff</value>
         <object_component_ref idref="oc-2a"/>
      </symbol>
      <symbol id="sm-41c">
         <name>GPIOPortS_Handler</name>
         <value>0x121d</value>
         <object_component_ref idref="oc-2a"/>
      </symbol>
      <symbol id="sm-41d">
         <name>Comp2_Handler</name>
         <value>0x117b</value>
         <object_component_ref idref="oc-2a"/>
      </symbol>
      <symbol id="sm-41e">
         <name>DebugMon_Handler</name>
         <value>0x113f</value>
         <object_component_ref idref="oc-2a"/>
      </symbol>
      <symbol id="sm-41f">
         <name>PWM0Generator0_Handler</name>
         <value>0x1159</value>
         <object_component_ref idref="oc-2a"/>
      </symbol>
      <symbol id="sm-420">
         <name>PWM1Generator1_Handler</name>
         <value>0x1221</value>
         <object_component_ref idref="oc-2a"/>
      </symbol>
      <symbol id="sm-421">
         <name>SSI0_Handler</name>
         <value>0x1153</value>
         <object_component_ref idref="oc-2a"/>
      </symbol>
      <symbol id="sm-422">
         <name>ADC1Seq1_Handler</name>
         <value>0x11a7</value>
         <object_component_ref idref="oc-2a"/>
      </symbol>
      <symbol id="sm-423">
         <name>GPIOPortH_Handler</name>
         <value>0x1185</value>
         <object_component_ref idref="oc-2a"/>
      </symbol>
      <symbol id="sm-424">
         <name>GPIOPortQ6_Handler</name>
         <value>0x1217</value>
         <object_component_ref idref="oc-2a"/>
      </symbol>
      <symbol id="sm-425">
         <name>GPIOPortC_Handler</name>
         <value>0x1149</value>
         <object_component_ref idref="oc-2a"/>
      </symbol>
      <symbol id="sm-426">
         <name>GPIOPortQ1_Handler</name>
         <value>0x120d</value>
         <object_component_ref idref="oc-2a"/>
      </symbol>
      <symbol id="sm-427">
         <name>UART6_Handler</name>
         <value>0x11c1</value>
         <object_component_ref idref="oc-2a"/>
      </symbol>
      <symbol id="sm-428">
         <name>ADC0Seq2_Handler</name>
         <value>0x1165</value>
         <object_component_ref idref="oc-2a"/>
      </symbol>
      <symbol id="sm-484">
         <name>__TI_cleanup</name>
         <value>0x223d</value>
         <object_component_ref idref="oc-18a"/>
      </symbol>
      <symbol id="sm-485">
         <name>freopen</name>
         <value>0x22d9</value>
         <object_component_ref idref="oc-b7"/>
      </symbol>
      <symbol id="sm-486">
         <name>fopen</name>
         <value>0x1a61</value>
         <object_component_ref idref="oc-b1"/>
      </symbol>
      <symbol id="sm-4a7">
         <name>setvbuf</name>
         <value>0x161d</value>
         <object_component_ref idref="oc-bd"/>
      </symbol>
      <symbol id="sm-4b6">
         <name>__aeabi_memset</name>
         <value>0x1c23</value>
         <object_component_ref idref="oc-117"/>
      </symbol>
      <symbol id="sm-4b7">
         <name>memset</name>
         <value>0x1c29</value>
         <object_component_ref idref="oc-117"/>
      </symbol>
      <symbol id="sm-4b8">
         <name>__aeabi_memset8</name>
         <value>0x1c23</value>
         <object_component_ref idref="oc-117"/>
      </symbol>
      <symbol id="sm-4b9">
         <name>__aeabi_memset4</name>
         <value>0x1c23</value>
         <object_component_ref idref="oc-117"/>
      </symbol>
      <symbol id="sm-4ba">
         <name>__aeabi_memclr8</name>
         <value>0x1c21</value>
         <object_component_ref idref="oc-117"/>
      </symbol>
      <symbol id="sm-4bb">
         <name>__aeabi_memclr4</name>
         <value>0x1c21</value>
         <object_component_ref idref="oc-117"/>
      </symbol>
      <symbol id="sm-4bc">
         <name>__aeabi_memclr</name>
         <value>0x1c21</value>
         <object_component_ref idref="oc-117"/>
      </symbol>
      <symbol id="sm-4d3">
         <name>__TI_zero_init</name>
         <value>0x2439</value>
         <object_component_ref idref="oc-74"/>
      </symbol>
      <symbol id="sm-4ea">
         <name>__TI_decompress_none</name>
         <value>0x242b</value>
         <object_component_ref idref="oc-1b"/>
      </symbol>
      <symbol id="sm-50d">
         <name>__TI_decompress_lzss</name>
         <value>0x1e55</value>
         <object_component_ref idref="oc-15"/>
      </symbol>
      <symbol id="sm-533">
         <name>C$$EXIT</name>
         <value>0x2451</value>
         <object_component_ref idref="oc-1dd"/>
      </symbol>
      <symbol id="sm-534">
         <name>abort</name>
         <value>0x2451</value>
         <object_component_ref idref="oc-1dd"/>
      </symbol>
      <symbol id="sm-535">
         <name>__TI_dtors_ptr</name>
         <value>0x20001424</value>
         <object_component_ref idref="oc-187"/>
      </symbol>
      <symbol id="sm-536">
         <name>__TI_cleanup_ptr</name>
         <value>0x20001420</value>
         <object_component_ref idref="oc-187"/>
      </symbol>
      <symbol id="sm-537">
         <name>__TI_enable_exit_profile_output</name>
         <value>0x20001428</value>
         <object_component_ref idref="oc-187"/>
      </symbol>
      <symbol id="sm-538">
         <name>exit</name>
         <value>0x2075</value>
         <object_component_ref idref="oc-1e3"/>
      </symbol>
      <symbol id="sm-54d">
         <name>_nop</name>
         <value>0x1243</value>
         <object_component_ref idref="oc-228"/>
      </symbol>
      <symbol id="sm-54e">
         <name>_lock</name>
         <value>0x20001438</value>
         <object_component_ref idref="oc-15f"/>
      </symbol>
      <symbol id="sm-54f">
         <name>_unlock</name>
         <value>0x2000143c</value>
         <object_component_ref idref="oc-15f"/>
      </symbol>
      <symbol id="sm-564">
         <name>__TI_tmpnams</name>
         <value>0x20001120</value>
      </symbol>
      <symbol id="sm-565">
         <name>__aeabi_stdout</name>
         <value>0x20001418</value>
         <object_component_ref idref="oc-16f"/>
      </symbol>
      <symbol id="sm-566">
         <name>__aeabi_stderr</name>
         <value>0x2000141c</value>
         <object_component_ref idref="oc-16f"/>
      </symbol>
      <symbol id="sm-567">
         <name>__aeabi_stdin</name>
         <value>0x20001414</value>
         <object_component_ref idref="oc-16f"/>
      </symbol>
      <symbol id="sm-568">
         <name>_ftable</name>
         <value>0x20001208</value>
         <object_component_ref idref="oc-c3"/>
      </symbol>
      <symbol id="sm-569">
         <name>__TI_ft_end</name>
         <value>0x20001410</value>
         <object_component_ref idref="oc-16f"/>
      </symbol>
      <symbol id="sm-5ed">
         <name>_sys_memory</name>
         <value>0x20001660</value>
         <object_component_ref idref="oc-24"/>
      </symbol>
      <symbol id="sm-5ee">
         <name>free</name>
         <value>0x1539</value>
         <object_component_ref idref="oc-17b"/>
      </symbol>
      <symbol id="sm-5ef">
         <name>memalign</name>
         <value>0x1355</value>
         <object_component_ref idref="oc-29d"/>
      </symbol>
      <symbol id="sm-5f0">
         <name>malloc</name>
         <value>0x2445</value>
         <object_component_ref idref="oc-181"/>
      </symbol>
      <symbol id="sm-5f1">
         <name>aligned_alloc</name>
         <value>0x1355</value>
         <object_component_ref idref="oc-29d"/>
      </symbol>
      <symbol id="sm-5ff">
         <name>strcpy</name>
         <value>0x2403</value>
         <object_component_ref idref="oc-a5"/>
      </symbol>
      <symbol id="sm-612">
         <name>__stack</name>
         <value>0x20001460</value>
         <object_component_ref idref="oc-27"/>
      </symbol>
      <symbol id="sm-613">
         <name>_c_int00_noargs</name>
         <value>0x22a5</value>
         <object_component_ref idref="oc-80"/>
      </symbol>
      <symbol id="sm-635">
         <name>open</name>
         <value>0x16f9</value>
         <object_component_ref idref="oc-26b"/>
      </symbol>
      <symbol id="sm-65a">
         <name>add_device</name>
         <value>0x17b5</value>
         <object_component_ref idref="oc-ab"/>
      </symbol>
      <symbol id="sm-66f">
         <name>__TI_closefile</name>
         <value>0x1c9d</value>
         <object_component_ref idref="oc-174"/>
      </symbol>
      <symbol id="sm-67f">
         <name>__TI_doflush</name>
         <value>0x2029</value>
         <object_component_ref idref="oc-27b"/>
      </symbol>
      <symbol id="sm-69d">
         <name>finddevice</name>
         <value>0x230d</value>
         <object_component_ref idref="oc-153"/>
      </symbol>
      <symbol id="sm-69e">
         <name>getdevice</name>
         <value>0x2189</value>
         <object_component_ref idref="oc-304"/>
      </symbol>
      <symbol id="sm-6b9">
         <name>memcpy</name>
         <value>0x1afd</value>
         <object_component_ref idref="oc-62"/>
      </symbol>
      <symbol id="sm-6ba">
         <name>__aeabi_memcpy</name>
         <value>0x1afd</value>
         <object_component_ref idref="oc-62"/>
      </symbol>
      <symbol id="sm-6bb">
         <name>__aeabi_memcpy8</name>
         <value>0x1afd</value>
         <object_component_ref idref="oc-62"/>
      </symbol>
      <symbol id="sm-6bc">
         <name>__aeabi_memcpy4</name>
         <value>0x1afd</value>
         <object_component_ref idref="oc-62"/>
      </symbol>
      <symbol id="sm-6e4">
         <name>__TI_auto_init_nobinit_nopinit</name>
         <value>0x2145</value>
         <object_component_ref idref="oc-1e9"/>
      </symbol>
      <symbol id="sm-6ee">
         <name>_system_pre_init</name>
         <value>0x244d</value>
         <object_component_ref idref="oc-11d"/>
      </symbol>
      <symbol id="sm-700">
         <name>strchr</name>
         <value>0x23ed</value>
         <object_component_ref idref="oc-357"/>
      </symbol>
      <symbol id="sm-70f">
         <name>strcmp</name>
         <value>0x23d5</value>
         <object_component_ref idref="oc-21e"/>
      </symbol>
      <symbol id="sm-71f">
         <name>strncpy</name>
         <value>0x2205</value>
         <object_component_ref idref="oc-159"/>
      </symbol>
      <symbol id="sm-72f">
         <name>write</name>
         <value>0x2391</value>
         <object_component_ref idref="oc-310"/>
      </symbol>
      <symbol id="sm-740">
         <name>_stream</name>
         <value>0x20001370</value>
         <object_component_ref idref="oc-30b"/>
      </symbol>
      <symbol id="sm-741">
         <name>_device</name>
         <value>0x200012f8</value>
         <object_component_ref idref="oc-163"/>
      </symbol>
      <symbol id="sm-756">
         <name>close</name>
         <value>0x1f1d</value>
         <object_component_ref idref="oc-281"/>
      </symbol>
      <symbol id="sm-766">
         <name>unlink</name>
         <value>0x233d</value>
         <object_component_ref idref="oc-287"/>
      </symbol>
      <symbol id="sm-777">
         <name>HOSTclose</name>
         <value>0x20bd</value>
         <object_component_ref idref="oc-238"/>
      </symbol>
      <symbol id="sm-788">
         <name>HOSTlseek</name>
         <value>0x1ded</value>
         <object_component_ref idref="oc-24a"/>
      </symbol>
      <symbol id="sm-79a">
         <name>parmbuf</name>
         <value>0x200011c0</value>
      </symbol>
      <symbol id="sm-79b">
         <name>HOSTopen</name>
         <value>0x1ebd</value>
         <object_component_ref idref="oc-232"/>
      </symbol>
      <symbol id="sm-7ac">
         <name>HOSTread</name>
         <value>0x1f79</value>
         <object_component_ref idref="oc-23e"/>
      </symbol>
      <symbol id="sm-7bd">
         <name>HOSTrename</name>
         <value>0x1d81</value>
         <object_component_ref idref="oc-256"/>
      </symbol>
      <symbol id="sm-7ce">
         <name>HOSTunlink</name>
         <value>0x2101</value>
         <object_component_ref idref="oc-250"/>
      </symbol>
      <symbol id="sm-7df">
         <name>HOSTwrite</name>
         <value>0x1fd1</value>
         <object_component_ref idref="oc-244"/>
      </symbol>
      <symbol id="sm-803">
         <name>__TI_readmsg</name>
         <value>0x2271</value>
         <object_component_ref idref="oc-2e7"/>
      </symbol>
      <symbol id="sm-804">
         <name>C$$IO$$</name>
         <value>0x21fb</value>
         <object_component_ref idref="oc-2e1"/>
      </symbol>
      <symbol id="sm-805">
         <name>__CIOBUF_</name>
         <value>0x20001000</value>
         <object_component_ref idref="oc-343"/>
      </symbol>
      <symbol id="sm-806">
         <name>__TI_writemsg</name>
         <value>0x21cd</value>
         <object_component_ref idref="oc-2e1"/>
      </symbol>
      <symbol id="sm-814">
         <name>strlen</name>
         <value>0x2417</value>
         <object_component_ref idref="oc-2db"/>
      </symbol>
      <symbol id="sm-815">
         <name>__TI_static_base__</name>
         <value>0x0</value>
      </symbol>
      <symbol id="sm-818">
         <name>__mpu_init</name>
         <value>0x0</value>
      </symbol>
      <symbol id="sm-819">
         <name>_system_post_cinit</name>
         <value>0x0</value>
      </symbol>
      <symbol id="sm-81a">
         <name>remove</name>
         <value>0x233d</value>
      </symbol>
   </symbol_table>
   <title>Link successful</title>
</link_info>
