<?xml version="1.0" encoding="ISO-8859-1" ?>
<link_info>
   <banner>TI ARM Linker Unix v20.2.5.LTS</banner>
   <copyright>Copyright (c) 1996-2018 Texas Instruments Incorporated</copyright>
   <link_time>0x6188789a</link_time>
   <link_errors>0x0</link_errors>
   <output_file>Lab-9.out</output_file>
   <entry_point>
      <name>_c_int00_noargs</name>
      <address>0x22b1</address>
   </entry_point>
   <input_file_list>
      <input_file id="fl-1">
         <path>./</path>
         <kind>object</kind>
         <file>AudioDriver.obj</file>
         <name>AudioDriver.obj</name>
      </input_file>
      <input_file id="fl-2">
         <path>./</path>
         <kind>object</kind>
         <file>CortexM.obj</file>
         <name>CortexM.obj</name>
      </input_file>
      <input_file id="fl-3">
         <path>./</path>
         <kind>object</kind>
         <file>DAC.obj</file>
         <name>DAC.obj</name>
      </input_file>
      <input_file id="fl-4">
         <path>./</path>
         <kind>object</kind>
         <file>Decoder.obj</file>
         <name>Decoder.obj</name>
      </input_file>
      <input_file id="fl-5">
         <path>./</path>
         <kind>object</kind>
         <file>InputDriver.obj</file>
         <name>InputDriver.obj</name>
      </input_file>
      <input_file id="fl-6">
         <path>./</path>
         <kind>object</kind>
         <file>Music.obj</file>
         <name>Music.obj</name>
      </input_file>
      <input_file id="fl-7">
         <path>./</path>
         <kind>object</kind>
         <file>PLL.obj</file>
         <name>PLL.obj</name>
      </input_file>
      <input_file id="fl-8">
         <path>./</path>
         <kind>object</kind>
         <file>SwitchDriver.obj</file>
         <name>SwitchDriver.obj</name>
      </input_file>
      <input_file id="fl-9">
         <path>./</path>
         <kind>object</kind>
         <file>Timer2.obj</file>
         <name>Timer2.obj</name>
      </input_file>
      <input_file id="fl-a">
         <path>./</path>
         <kind>object</kind>
         <file>Timer3.obj</file>
         <name>Timer3.obj</name>
      </input_file>
      <input_file id="fl-b">
         <path>./</path>
         <kind>object</kind>
         <file>TimerDriver.obj</file>
         <name>TimerDriver.obj</name>
      </input_file>
      <input_file id="fl-c">
         <path>./</path>
         <kind>object</kind>
         <file>Transmitter.obj</file>
         <name>Transmitter.obj</name>
      </input_file>
      <input_file id="fl-d">
         <path>./</path>
         <kind>object</kind>
         <file>UART0int.obj</file>
         <name>UART0int.obj</name>
      </input_file>
      <input_file id="fl-e">
         <path>./</path>
         <kind>object</kind>
         <file>main.obj</file>
         <name>main.obj</name>
      </input_file>
      <input_file id="fl-f">
         <path>./</path>
         <kind>object</kind>
         <file>tm4c123gh6pm_startup_ccs.obj</file>
         <name>tm4c123gh6pm_startup_ccs.obj</name>
      </input_file>
      <input_file id="fl-13">
         <kind>object</kind>
         <file>&lt;internal&gt;</file>
         <name>&lt;internal&gt;</name>
      </input_file>
      <input_file id="fl-c9">
         <path>/Applications/ti/ccs1100/ccs/tools/compiler/ti-cgt-arm_20.2.5.LTS/lib/</path>
         <kind>archive</kind>
         <file>rtsv7M4_T_le_v4SPD16_eabi.lib</file>
         <name>fopen.c.obj</name>
      </input_file>
      <input_file id="fl-ca">
         <path>/Applications/ti/ccs1100/ccs/tools/compiler/ti-cgt-arm_20.2.5.LTS/lib/</path>
         <kind>archive</kind>
         <file>rtsv7M4_T_le_v4SPD16_eabi.lib</file>
         <name>setvbuf.c.obj</name>
      </input_file>
      <input_file id="fl-cb">
         <path>/Applications/ti/ccs1100/ccs/tools/compiler/ti-cgt-arm_20.2.5.LTS/lib/</path>
         <kind>archive</kind>
         <file>rtsv7M4_T_le_v4SPD16_eabi.lib</file>
         <name>memset_t2.asm.obj</name>
      </input_file>
      <input_file id="fl-cc">
         <path>/Applications/ti/ccs1100/ccs/tools/compiler/ti-cgt-arm_20.2.5.LTS/lib/</path>
         <kind>archive</kind>
         <file>rtsv7M4_T_le_v4SPD16_eabi.lib</file>
         <name>copy_zero_init.c.obj</name>
      </input_file>
      <input_file id="fl-cd">
         <path>/Applications/ti/ccs1100/ccs/tools/compiler/ti-cgt-arm_20.2.5.LTS/lib/</path>
         <kind>archive</kind>
         <file>rtsv7M4_T_le_v4SPD16_eabi.lib</file>
         <name>copy_decompress_none.c.obj</name>
      </input_file>
      <input_file id="fl-ce">
         <path>/Applications/ti/ccs1100/ccs/tools/compiler/ti-cgt-arm_20.2.5.LTS/lib/</path>
         <kind>archive</kind>
         <file>rtsv7M4_T_le_v4SPD16_eabi.lib</file>
         <name>copy_decompress_lzss.c.obj</name>
      </input_file>
      <input_file id="fl-cf">
         <path>/Applications/ti/ccs1100/ccs/tools/compiler/ti-cgt-arm_20.2.5.LTS/lib/</path>
         <kind>archive</kind>
         <file>rtsv7M4_T_le_v4SPD16_eabi.lib</file>
         <name>exit.c.obj</name>
      </input_file>
      <input_file id="fl-d0">
         <path>/Applications/ti/ccs1100/ccs/tools/compiler/ti-cgt-arm_20.2.5.LTS/lib/</path>
         <kind>archive</kind>
         <file>rtsv7M4_T_le_v4SPD16_eabi.lib</file>
         <name>_lock.c.obj</name>
      </input_file>
      <input_file id="fl-d1">
         <path>/Applications/ti/ccs1100/ccs/tools/compiler/ti-cgt-arm_20.2.5.LTS/lib/</path>
         <kind>archive</kind>
         <file>rtsv7M4_T_le_v4SPD16_eabi.lib</file>
         <name>defs.c.obj</name>
      </input_file>
      <input_file id="fl-d2">
         <path>/Applications/ti/ccs1100/ccs/tools/compiler/ti-cgt-arm_20.2.5.LTS/lib/</path>
         <kind>archive</kind>
         <file>rtsv7M4_T_le_v4SPD16_eabi.lib</file>
         <name>memory.c.obj</name>
      </input_file>
      <input_file id="fl-d3">
         <path>/Applications/ti/ccs1100/ccs/tools/compiler/ti-cgt-arm_20.2.5.LTS/lib/</path>
         <kind>archive</kind>
         <file>rtsv7M4_T_le_v4SPD16_eabi.lib</file>
         <name>strcpy.c.obj</name>
      </input_file>
      <input_file id="fl-d4">
         <path>/Applications/ti/ccs1100/ccs/tools/compiler/ti-cgt-arm_20.2.5.LTS/lib/</path>
         <kind>archive</kind>
         <file>rtsv7M4_T_le_v4SPD16_eabi.lib</file>
         <name>boot_cortex_m.c.obj</name>
      </input_file>
      <input_file id="fl-d5">
         <path>/Applications/ti/ccs1100/ccs/tools/compiler/ti-cgt-arm_20.2.5.LTS/lib/</path>
         <kind>archive</kind>
         <file>rtsv7M4_T_le_v4SPD16_eabi.lib</file>
         <name>open.c.obj</name>
      </input_file>
      <input_file id="fl-d6">
         <path>/Applications/ti/ccs1100/ccs/tools/compiler/ti-cgt-arm_20.2.5.LTS/lib/</path>
         <kind>archive</kind>
         <file>rtsv7M4_T_le_v4SPD16_eabi.lib</file>
         <name>add_device.c.obj</name>
      </input_file>
      <input_file id="fl-d7">
         <path>/Applications/ti/ccs1100/ccs/tools/compiler/ti-cgt-arm_20.2.5.LTS/lib/</path>
         <kind>archive</kind>
         <file>rtsv7M4_T_le_v4SPD16_eabi.lib</file>
         <name>fclose.c.obj</name>
      </input_file>
      <input_file id="fl-d8">
         <path>/Applications/ti/ccs1100/ccs/tools/compiler/ti-cgt-arm_20.2.5.LTS/lib/</path>
         <kind>archive</kind>
         <file>rtsv7M4_T_le_v4SPD16_eabi.lib</file>
         <name>fflush.c.obj</name>
      </input_file>
      <input_file id="fl-d9">
         <path>/Applications/ti/ccs1100/ccs/tools/compiler/ti-cgt-arm_20.2.5.LTS/lib/</path>
         <kind>archive</kind>
         <file>rtsv7M4_T_le_v4SPD16_eabi.lib</file>
         <name>getdevice.c.obj</name>
      </input_file>
      <input_file id="fl-da">
         <path>/Applications/ti/ccs1100/ccs/tools/compiler/ti-cgt-arm_20.2.5.LTS/lib/</path>
         <kind>archive</kind>
         <file>rtsv7M4_T_le_v4SPD16_eabi.lib</file>
         <name>memcpy_t2.asm.obj</name>
      </input_file>
      <input_file id="fl-db">
         <path>/Applications/ti/ccs1100/ccs/tools/compiler/ti-cgt-arm_20.2.5.LTS/lib/</path>
         <kind>archive</kind>
         <file>rtsv7M4_T_le_v4SPD16_eabi.lib</file>
         <name>autoinit.c.obj</name>
      </input_file>
      <input_file id="fl-dc">
         <path>/Applications/ti/ccs1100/ccs/tools/compiler/ti-cgt-arm_20.2.5.LTS/lib/</path>
         <kind>archive</kind>
         <file>rtsv7M4_T_le_v4SPD16_eabi.lib</file>
         <name>pre_init.c.obj</name>
      </input_file>
      <input_file id="fl-dd">
         <path>/Applications/ti/ccs1100/ccs/tools/compiler/ti-cgt-arm_20.2.5.LTS/lib/</path>
         <kind>archive</kind>
         <file>rtsv7M4_T_le_v4SPD16_eabi.lib</file>
         <name>cpy_tbl.c.obj</name>
      </input_file>
      <input_file id="fl-de">
         <path>/Applications/ti/ccs1100/ccs/tools/compiler/ti-cgt-arm_20.2.5.LTS/lib/</path>
         <kind>archive</kind>
         <file>rtsv7M4_T_le_v4SPD16_eabi.lib</file>
         <name>args_main.c.obj</name>
      </input_file>
      <input_file id="fl-df">
         <path>/Applications/ti/ccs1100/ccs/tools/compiler/ti-cgt-arm_20.2.5.LTS/lib/</path>
         <kind>archive</kind>
         <file>rtsv7M4_T_le_v4SPD16_eabi.lib</file>
         <name>strchr.c.obj</name>
      </input_file>
      <input_file id="fl-e0">
         <path>/Applications/ti/ccs1100/ccs/tools/compiler/ti-cgt-arm_20.2.5.LTS/lib/</path>
         <kind>archive</kind>
         <file>rtsv7M4_T_le_v4SPD16_eabi.lib</file>
         <name>strcmp.c.obj</name>
      </input_file>
      <input_file id="fl-e1">
         <path>/Applications/ti/ccs1100/ccs/tools/compiler/ti-cgt-arm_20.2.5.LTS/lib/</path>
         <kind>archive</kind>
         <file>rtsv7M4_T_le_v4SPD16_eabi.lib</file>
         <name>strncpy.c.obj</name>
      </input_file>
      <input_file id="fl-e2">
         <path>/Applications/ti/ccs1100/ccs/tools/compiler/ti-cgt-arm_20.2.5.LTS/lib/</path>
         <kind>archive</kind>
         <file>rtsv7M4_T_le_v4SPD16_eabi.lib</file>
         <name>write.c.obj</name>
      </input_file>
      <input_file id="fl-e3">
         <path>/Applications/ti/ccs1100/ccs/tools/compiler/ti-cgt-arm_20.2.5.LTS/lib/</path>
         <kind>archive</kind>
         <file>rtsv7M4_T_le_v4SPD16_eabi.lib</file>
         <name>host_device.c.obj</name>
      </input_file>
      <input_file id="fl-e4">
         <path>/Applications/ti/ccs1100/ccs/tools/compiler/ti-cgt-arm_20.2.5.LTS/lib/</path>
         <kind>archive</kind>
         <file>rtsv7M4_T_le_v4SPD16_eabi.lib</file>
         <name>remove.c.obj</name>
      </input_file>
      <input_file id="fl-e5">
         <path>/Applications/ti/ccs1100/ccs/tools/compiler/ti-cgt-arm_20.2.5.LTS/lib/</path>
         <kind>archive</kind>
         <file>rtsv7M4_T_le_v4SPD16_eabi.lib</file>
         <name>close.c.obj</name>
      </input_file>
      <input_file id="fl-e6">
         <path>/Applications/ti/ccs1100/ccs/tools/compiler/ti-cgt-arm_20.2.5.LTS/lib/</path>
         <kind>archive</kind>
         <file>rtsv7M4_T_le_v4SPD16_eabi.lib</file>
         <name>unlink.c.obj</name>
      </input_file>
      <input_file id="fl-e7">
         <path>/Applications/ti/ccs1100/ccs/tools/compiler/ti-cgt-arm_20.2.5.LTS/lib/</path>
         <kind>archive</kind>
         <file>rtsv7M4_T_le_v4SPD16_eabi.lib</file>
         <name>hostclose.c.obj</name>
      </input_file>
      <input_file id="fl-e8">
         <path>/Applications/ti/ccs1100/ccs/tools/compiler/ti-cgt-arm_20.2.5.LTS/lib/</path>
         <kind>archive</kind>
         <file>rtsv7M4_T_le_v4SPD16_eabi.lib</file>
         <name>hostlseek.c.obj</name>
      </input_file>
      <input_file id="fl-e9">
         <path>/Applications/ti/ccs1100/ccs/tools/compiler/ti-cgt-arm_20.2.5.LTS/lib/</path>
         <kind>archive</kind>
         <file>rtsv7M4_T_le_v4SPD16_eabi.lib</file>
         <name>hostopen.c.obj</name>
      </input_file>
      <input_file id="fl-ea">
         <path>/Applications/ti/ccs1100/ccs/tools/compiler/ti-cgt-arm_20.2.5.LTS/lib/</path>
         <kind>archive</kind>
         <file>rtsv7M4_T_le_v4SPD16_eabi.lib</file>
         <name>hostread.c.obj</name>
      </input_file>
      <input_file id="fl-eb">
         <path>/Applications/ti/ccs1100/ccs/tools/compiler/ti-cgt-arm_20.2.5.LTS/lib/</path>
         <kind>archive</kind>
         <file>rtsv7M4_T_le_v4SPD16_eabi.lib</file>
         <name>hostrename.c.obj</name>
      </input_file>
      <input_file id="fl-ec">
         <path>/Applications/ti/ccs1100/ccs/tools/compiler/ti-cgt-arm_20.2.5.LTS/lib/</path>
         <kind>archive</kind>
         <file>rtsv7M4_T_le_v4SPD16_eabi.lib</file>
         <name>hostunlink.c.obj</name>
      </input_file>
      <input_file id="fl-ed">
         <path>/Applications/ti/ccs1100/ccs/tools/compiler/ti-cgt-arm_20.2.5.LTS/lib/</path>
         <kind>archive</kind>
         <file>rtsv7M4_T_le_v4SPD16_eabi.lib</file>
         <name>hostwrite.c.obj</name>
      </input_file>
      <input_file id="fl-ee">
         <path>/Applications/ti/ccs1100/ccs/tools/compiler/ti-cgt-arm_20.2.5.LTS/lib/</path>
         <kind>archive</kind>
         <file>rtsv7M4_T_le_v4SPD16_eabi.lib</file>
         <name>trgmsg.c.obj</name>
      </input_file>
      <input_file id="fl-ef">
         <path>/Applications/ti/ccs1100/ccs/tools/compiler/ti-cgt-arm_20.2.5.LTS/lib/</path>
         <kind>archive</kind>
         <file>rtsv7M4_T_le_v4SPD16_eabi.lib</file>
         <name>strlen.c.obj</name>
      </input_file>
   </input_file_list>
   <object_component_list>
      <object_component id="oc-12">
         <name>.intvecs</name>
         <load_address>0x0</load_address>
         <run_address>0x0</run_address>
         <size>0x26c</size>
         <input_file_ref idref="fl-f"/>
      </object_component>
      <object_component id="oc-30">
         <name>.text</name>
         <load_address>0x26c</load_address>
         <run_address>0x26c</run_address>
         <size>0x898</size>
         <input_file_ref idref="fl-d"/>
      </object_component>
      <object_component id="oc-48">
         <name>.text</name>
         <load_address>0xb04</load_address>
         <run_address>0xb04</run_address>
         <size>0x2fc</size>
         <input_file_ref idref="fl-8"/>
      </object_component>
      <object_component id="oc-123">
         <name>.text</name>
         <load_address>0xe00</load_address>
         <run_address>0xe00</run_address>
         <size>0x1cc</size>
         <input_file_ref idref="fl-e"/>
      </object_component>
      <object_component id="oc-3c">
         <name>.text</name>
         <load_address>0xfcc</load_address>
         <run_address>0xfcc</run_address>
         <size>0x170</size>
         <input_file_ref idref="fl-b"/>
      </object_component>
      <object_component id="oc-2a">
         <name>.text</name>
         <load_address>0x113c</load_address>
         <run_address>0x113c</run_address>
         <size>0x112</size>
         <input_file_ref idref="fl-f"/>
      </object_component>
      <object_component id="oc-227">
         <name>.text:_nop</name>
         <load_address>0x124e</load_address>
         <run_address>0x124e</run_address>
         <size>0x2</size>
         <input_file_ref idref="fl-d0"/>
      </object_component>
      <object_component id="oc-168">
         <name>.text:_openfile</name>
         <load_address>0x1250</load_address>
         <run_address>0x1250</run_address>
         <size>0x110</size>
         <input_file_ref idref="fl-c9"/>
      </object_component>
      <object_component id="oc-29c">
         <name>.text:aligned_alloc</name>
         <load_address>0x1360</load_address>
         <run_address>0x1360</run_address>
         <size>0x100</size>
         <input_file_ref idref="fl-d2"/>
      </object_component>
      <object_component id="oc-d1">
         <name>.text</name>
         <load_address>0x1460</load_address>
         <run_address>0x1460</run_address>
         <size>0xe4</size>
         <input_file_ref idref="fl-3"/>
      </object_component>
      <object_component id="oc-17b">
         <name>.text:free</name>
         <load_address>0x1544</load_address>
         <run_address>0x1544</run_address>
         <size>0xe4</size>
         <input_file_ref idref="fl-d2"/>
      </object_component>
      <object_component id="oc-bd">
         <name>.text:setvbuf</name>
         <load_address>0x1628</load_address>
         <run_address>0x1628</run_address>
         <size>0xdc</size>
         <input_file_ref idref="fl-ca"/>
      </object_component>
      <object_component id="oc-26a">
         <name>.text:open</name>
         <load_address>0x1704</load_address>
         <run_address>0x1704</run_address>
         <size>0xbc</size>
         <input_file_ref idref="fl-d5"/>
      </object_component>
      <object_component id="oc-ab">
         <name>.text:add_device</name>
         <load_address>0x17c0</load_address>
         <run_address>0x17c0</run_address>
         <size>0xb8</size>
         <input_file_ref idref="fl-d6"/>
      </object_component>
      <object_component id="oc-36">
         <name>.text</name>
         <load_address>0x1878</load_address>
         <run_address>0x1878</run_address>
         <size>0xb0</size>
         <input_file_ref idref="fl-6"/>
      </object_component>
      <object_component id="oc-42">
         <name>.text</name>
         <load_address>0x1928</load_address>
         <run_address>0x1928</run_address>
         <size>0xa4</size>
         <input_file_ref idref="fl-9"/>
      </object_component>
      <object_component id="oc-4e">
         <name>.text</name>
         <load_address>0x19cc</load_address>
         <run_address>0x19cc</run_address>
         <size>0xa0</size>
         <input_file_ref idref="fl-a"/>
      </object_component>
      <object_component id="oc-b1">
         <name>.text:fopen</name>
         <load_address>0x1a6c</load_address>
         <run_address>0x1a6c</run_address>
         <size>0x9c</size>
         <input_file_ref idref="fl-c9"/>
      </object_component>
      <object_component id="oc-62">
         <name>.text</name>
         <load_address>0x1b08</load_address>
         <run_address>0x1b08</run_address>
         <size>0x9c</size>
         <input_file_ref idref="fl-da"/>
      </object_component>
      <object_component id="oc-1cd">
         <name>.text</name>
         <load_address>0x1ba4</load_address>
         <run_address>0x1ba4</run_address>
         <size>0x88</size>
         <input_file_ref idref="fl-7"/>
      </object_component>
      <object_component id="oc-117">
         <name>.text</name>
         <load_address>0x1c2c</load_address>
         <run_address>0x1c2c</run_address>
         <size>0x7a</size>
         <input_file_ref idref="fl-cb"/>
      </object_component>
      <object_component id="oc-174">
         <name>.text:__TI_closefile</name>
         <load_address>0x1ca8</load_address>
         <run_address>0x1ca8</run_address>
         <size>0x74</size>
         <input_file_ref idref="fl-d7"/>
      </object_component>
      <object_component id="oc-322">
         <name>.text:split</name>
         <load_address>0x1d1c</load_address>
         <run_address>0x1d1c</run_address>
         <size>0x70</size>
         <input_file_ref idref="fl-d2"/>
      </object_component>
      <object_component id="oc-255">
         <name>.text:HOSTrename</name>
         <load_address>0x1d8c</load_address>
         <run_address>0x1d8c</run_address>
         <size>0x6c</size>
         <input_file_ref idref="fl-eb"/>
      </object_component>
      <object_component id="oc-249">
         <name>.text:HOSTlseek</name>
         <load_address>0x1df8</load_address>
         <run_address>0x1df8</run_address>
         <size>0x68</size>
         <input_file_ref idref="fl-e8"/>
      </object_component>
      <object_component id="oc-15">
         <name>.text:decompress:lzss:__TI_decompress_lzss</name>
         <load_address>0x1e60</load_address>
         <run_address>0x1e60</run_address>
         <size>0x68</size>
         <input_file_ref idref="fl-ce"/>
      </object_component>
      <object_component id="oc-231">
         <name>.text:HOSTopen</name>
         <load_address>0x1ec8</load_address>
         <run_address>0x1ec8</run_address>
         <size>0x60</size>
         <input_file_ref idref="fl-e9"/>
      </object_component>
      <object_component id="oc-280">
         <name>.text:close</name>
         <load_address>0x1f28</load_address>
         <run_address>0x1f28</run_address>
         <size>0x5c</size>
         <input_file_ref idref="fl-e5"/>
      </object_component>
      <object_component id="oc-23d">
         <name>.text:HOSTread</name>
         <load_address>0x1f84</load_address>
         <run_address>0x1f84</run_address>
         <size>0x58</size>
         <input_file_ref idref="fl-ea"/>
      </object_component>
      <object_component id="oc-243">
         <name>.text:HOSTwrite</name>
         <load_address>0x1fdc</load_address>
         <run_address>0x1fdc</run_address>
         <size>0x58</size>
         <input_file_ref idref="fl-ed"/>
      </object_component>
      <object_component id="oc-27a">
         <name>.text:__TI_doflush</name>
         <load_address>0x2034</load_address>
         <run_address>0x2034</run_address>
         <size>0x4c</size>
         <input_file_ref idref="fl-d8"/>
      </object_component>
      <object_component id="oc-1e2">
         <name>.text:exit</name>
         <load_address>0x2080</load_address>
         <run_address>0x2080</run_address>
         <size>0x48</size>
         <input_file_ref idref="fl-cf"/>
      </object_component>
      <object_component id="oc-237">
         <name>.text:HOSTclose</name>
         <load_address>0x20c8</load_address>
         <run_address>0x20c8</run_address>
         <size>0x44</size>
         <input_file_ref idref="fl-e7"/>
      </object_component>
      <object_component id="oc-24f">
         <name>.text:HOSTunlink</name>
         <load_address>0x210c</load_address>
         <run_address>0x210c</run_address>
         <size>0x44</size>
         <input_file_ref idref="fl-ec"/>
      </object_component>
      <object_component id="oc-1e8">
         <name>.text:__TI_auto_init_nobinit_nopinit:__TI_auto_init_nobinit_nopinit</name>
         <load_address>0x2150</load_address>
         <run_address>0x2150</run_address>
         <size>0x44</size>
         <input_file_ref idref="fl-db"/>
      </object_component>
      <object_component id="oc-303">
         <name>.text:getdevice</name>
         <load_address>0x2194</load_address>
         <run_address>0x2194</run_address>
         <size>0x44</size>
         <input_file_ref idref="fl-d9"/>
      </object_component>
      <object_component id="oc-2e0">
         <name>.text:__TI_writemsg</name>
         <load_address>0x21d8</load_address>
         <run_address>0x21d8</run_address>
         <size>0x38</size>
         <input_file_ref idref="fl-ee"/>
      </object_component>
      <object_component id="oc-159">
         <name>.text:strncpy</name>
         <load_address>0x2210</load_address>
         <run_address>0x2210</run_address>
         <size>0x36</size>
         <input_file_ref idref="fl-e1"/>
      </object_component>
      <object_component id="oc-18a">
         <name>.text:__TI_cleanup</name>
         <load_address>0x2248</load_address>
         <run_address>0x2248</run_address>
         <size>0x34</size>
         <input_file_ref idref="fl-c9"/>
      </object_component>
      <object_component id="oc-2e6">
         <name>.text:__TI_readmsg</name>
         <load_address>0x227c</load_address>
         <run_address>0x227c</run_address>
         <size>0x34</size>
         <input_file_ref idref="fl-ee"/>
      </object_component>
      <object_component id="oc-80">
         <name>.text:_c_int00_noargs:_c_int00_noargs</name>
         <load_address>0x22b0</load_address>
         <run_address>0x22b0</run_address>
         <size>0x34</size>
         <input_file_ref idref="fl-d4"/>
      </object_component>
      <object_component id="oc-b7">
         <name>.text:freopen</name>
         <load_address>0x22e4</load_address>
         <run_address>0x22e4</run_address>
         <size>0x34</size>
         <input_file_ref idref="fl-c9"/>
      </object_component>
      <object_component id="oc-153">
         <name>.text:finddevice</name>
         <load_address>0x2318</load_address>
         <run_address>0x2318</run_address>
         <size>0x30</size>
         <input_file_ref idref="fl-d9"/>
      </object_component>
      <object_component id="oc-286">
         <name>.text:unlink</name>
         <load_address>0x2348</load_address>
         <run_address>0x2348</run_address>
         <size>0x2c</size>
         <input_file_ref idref="fl-e6"/>
      </object_component>
      <object_component id="oc-295">
         <name>.text:free_list_insert</name>
         <load_address>0x2374</load_address>
         <run_address>0x2374</run_address>
         <size>0x28</size>
         <input_file_ref idref="fl-d2"/>
      </object_component>
      <object_component id="oc-30f">
         <name>.text:write</name>
         <load_address>0x239c</load_address>
         <run_address>0x239c</run_address>
         <size>0x28</size>
         <input_file_ref idref="fl-e2"/>
      </object_component>
      <object_component id="oc-28f">
         <name>.text:free_list_remove</name>
         <load_address>0x23c4</load_address>
         <run_address>0x23c4</run_address>
         <size>0x1c</size>
         <input_file_ref idref="fl-d2"/>
      </object_component>
      <object_component id="oc-21d">
         <name>.text:strcmp</name>
         <load_address>0x23e0</load_address>
         <run_address>0x23e0</run_address>
         <size>0x18</size>
         <input_file_ref idref="fl-e0"/>
      </object_component>
      <object_component id="oc-356">
         <name>.text:strchr</name>
         <load_address>0x23f8</load_address>
         <run_address>0x23f8</run_address>
         <size>0x16</size>
         <input_file_ref idref="fl-df"/>
      </object_component>
      <object_component id="oc-a5">
         <name>.text:strcpy</name>
         <load_address>0x240e</load_address>
         <run_address>0x240e</run_address>
         <size>0x14</size>
         <input_file_ref idref="fl-d3"/>
      </object_component>
      <object_component id="oc-2da">
         <name>.text:strlen</name>
         <load_address>0x2422</load_address>
         <run_address>0x2422</run_address>
         <size>0x14</size>
         <input_file_ref idref="fl-ef"/>
      </object_component>
      <object_component id="oc-1b">
         <name>.text:decompress:none:__TI_decompress_none</name>
         <load_address>0x2436</load_address>
         <run_address>0x2436</run_address>
         <size>0xe</size>
         <input_file_ref idref="fl-cd"/>
      </object_component>
      <object_component id="oc-74">
         <name>.text:decompress:ZI:__TI_zero_init</name>
         <load_address>0x2444</load_address>
         <run_address>0x2444</run_address>
         <size>0xc</size>
         <input_file_ref idref="fl-cc"/>
      </object_component>
      <object_component id="oc-181">
         <name>.text:malloc</name>
         <load_address>0x2450</load_address>
         <run_address>0x2450</run_address>
         <size>0x8</size>
         <input_file_ref idref="fl-d2"/>
      </object_component>
      <object_component id="oc-11d">
         <name>.text:_system_pre_init</name>
         <load_address>0x2458</load_address>
         <run_address>0x2458</run_address>
         <size>0x4</size>
         <input_file_ref idref="fl-dc"/>
      </object_component>
      <object_component id="oc-1dc">
         <name>.text:abort:abort</name>
         <load_address>0x245c</load_address>
         <run_address>0x245c</run_address>
         <size>0x4</size>
         <input_file_ref idref="fl-cf"/>
      </object_component>
      <object_component id="oc-e0">
         <name>.const:SinWave</name>
         <load_address>0x2460</load_address>
         <run_address>0x2460</run_address>
         <size>0x80</size>
         <input_file_ref idref="fl-6"/>
      </object_component>
      <object_component id="oc-3af">
         <name>.cinit..data.load</name>
         <load_address>0x24e0</load_address>
         <run_address>0x24e0</run_address>
         <size>0x9d</size>
      </object_component>
      <object_component id="oc-3ad">
         <name>__TI_handler_table</name>
         <load_address>0x2580</load_address>
         <run_address>0x2580</run_address>
         <size>0xc</size>
      </object_component>
      <object_component id="oc-3b0">
         <name>.cinit..bss.load</name>
         <load_address>0x2590</load_address>
         <run_address>0x2590</run_address>
         <size>0x8</size>
      </object_component>
      <object_component id="oc-3ae">
         <name>__TI_cinit_table</name>
         <load_address>0x2598</load_address>
         <run_address>0x2598</run_address>
         <size>0x10</size>
      </object_component>
      <object_component id="oc-1a3">
         <name>.data:notes</name>
         <load_address>0x20000fc0</load_address>
         <run_address>0x20000fc0</run_address>
         <size>0x38</size>
         <input_file_ref idref="fl-6"/>
      </object_component>
      <object_component id="oc-da">
         <name>.data:song</name>
         <load_address>0x20000ff8</load_address>
         <run_address>0x20000ff8</run_address>
         <size>0x18</size>
         <input_file_ref idref="fl-6"/>
      </object_component>
      <object_component id="oc-dd">
         <name>.data</name>
         <load_address>0x2000102c</load_address>
         <run_address>0x2000102c</run_address>
         <size>0xa</size>
         <input_file_ref idref="fl-6"/>
      </object_component>
      <object_component id="oc-d7">
         <name>.data</name>
         <load_address>0x20001048</load_address>
         <run_address>0x20001048</run_address>
         <size>0x6</size>
         <input_file_ref idref="fl-8"/>
      </object_component>
      <object_component id="oc-1da">
         <name>.data</name>
         <load_address>0x20001050</load_address>
         <run_address>0x20001050</run_address>
         <size>0x4</size>
         <input_file_ref idref="fl-e"/>
      </object_component>
      <object_component id="oc-16e">
         <name>.data</name>
         <load_address>0x20001058</load_address>
         <run_address>0x20001058</run_address>
         <size>0x4</size>
         <input_file_ref idref="fl-c9"/>
      </object_component>
      <object_component id="oc-187">
         <name>.data:$O1$$</name>
         <load_address>0x20001020</load_address>
         <run_address>0x20001020</run_address>
         <size>0xc</size>
         <input_file_ref idref="fl-cf"/>
      </object_component>
      <object_component id="oc-15f">
         <name>.data:$O1$$</name>
         <load_address>0x20001038</load_address>
         <run_address>0x20001038</run_address>
         <size>0x8</size>
         <input_file_ref idref="fl-d0"/>
      </object_component>
      <object_component id="oc-c3">
         <name>.data:_ftable</name>
         <load_address>0x20000e08</load_address>
         <run_address>0x20000e08</run_address>
         <size>0xf0</size>
         <input_file_ref idref="fl-d1"/>
      </object_component>
      <object_component id="oc-16f">
         <name>.data</name>
         <load_address>0x20001010</load_address>
         <run_address>0x20001010</run_address>
         <size>0x10</size>
         <input_file_ref idref="fl-d1"/>
      </object_component>
      <object_component id="oc-31d">
         <name>.data:$O1$$</name>
         <load_address>0x20001040</load_address>
         <run_address>0x20001040</run_address>
         <size>0x8</size>
         <input_file_ref idref="fl-d2"/>
      </object_component>
      <object_component id="oc-309">
         <name>.data</name>
         <load_address>0x2000105c</load_address>
         <run_address>0x2000105c</run_address>
         <size>0x4</size>
         <input_file_ref idref="fl-d5"/>
      </object_component>
      <object_component id="oc-162">
         <name>.data</name>
         <load_address>0x20001054</load_address>
         <run_address>0x20001054</run_address>
         <size>0x4</size>
         <input_file_ref idref="fl-d6"/>
      </object_component>
      <object_component id="oc-163">
         <name>.data:_device</name>
         <load_address>0x20000ef8</load_address>
         <run_address>0x20000ef8</run_address>
         <size>0x78</size>
         <input_file_ref idref="fl-e3"/>
      </object_component>
      <object_component id="oc-30a">
         <name>.data:_stream</name>
         <load_address>0x20000f70</load_address>
         <run_address>0x20000f70</run_address>
         <size>0x50</size>
         <input_file_ref idref="fl-e3"/>
      </object_component>
      <object_component id="oc-9d">
         <name>.bss:RxFifo</name>
         <uninitialized>true</uninitialized>
         <run_address>0x20000400</run_address>
         <size>0x400</size>
         <input_file_ref idref="fl-d"/>
      </object_component>
      <object_component id="oc-a2">
         <name>.bss:TxFifo</name>
         <uninitialized>true</uninitialized>
         <run_address>0x20000800</run_address>
         <size>0x400</size>
         <input_file_ref idref="fl-d"/>
      </object_component>
      <object_component id="oc-1d6">
         <name>.bss:RawFifo</name>
         <uninitialized>true</uninitialized>
         <run_address>0x20000000</run_address>
         <size>0x400</size>
         <input_file_ref idref="fl-e"/>
      </object_component>
      <object_component id="oc-342">
         <name>.bss:_CIOBUF_</name>
         <uninitialized>true</uninitialized>
         <run_address>0x20000c00</run_address>
         <size>0x120</size>
         <input_file_ref idref="fl-ee"/>
      </object_component>
      <object_component id="oc-ed">
         <name>.common:SW1</name>
         <uninitialized>true</uninitialized>
         <run_address>0x20000de0</run_address>
         <size>0x4</size>
      </object_component>
      <object_component id="oc-ee">
         <name>.common:SW2</name>
         <uninitialized>true</uninitialized>
         <run_address>0x20000de4</run_address>
         <size>0x4</size>
      </object_component>
      <object_component id="oc-ef">
         <name>.common:SW3</name>
         <uninitialized>true</uninitialized>
         <run_address>0x20000de8</run_address>
         <size>0x4</size>
      </object_component>
      <object_component id="oc-f0">
         <name>.common:SW4</name>
         <uninitialized>true</uninitialized>
         <run_address>0x20000dec</run_address>
         <size>0x4</size>
      </object_component>
      <object_component id="oc-ea">
         <name>.common:SW5</name>
         <uninitialized>true</uninitialized>
         <run_address>0x20000df0</run_address>
         <size>0x4</size>
      </object_component>
      <object_component id="oc-f1">
         <name>.common:SW_Delay1</name>
         <uninitialized>true</uninitialized>
         <run_address>0x20000dfc</run_address>
         <size>0x2</size>
      </object_component>
      <object_component id="oc-f2">
         <name>.common:SW_Delay2</name>
         <uninitialized>true</uninitialized>
         <run_address>0x20000dfe</run_address>
         <size>0x2</size>
      </object_component>
      <object_component id="oc-f3">
         <name>.common:SW_Delay3</name>
         <uninitialized>true</uninitialized>
         <run_address>0x20000e00</run_address>
         <size>0x2</size>
      </object_component>
      <object_component id="oc-f4">
         <name>.common:SW_Delay4</name>
         <uninitialized>true</uninitialized>
         <run_address>0x20000e02</run_address>
         <size>0x2</size>
      </object_component>
      <object_component id="oc-f5">
         <name>.common:SW_Delay5</name>
         <uninitialized>true</uninitialized>
         <run_address>0x20000e04</run_address>
         <size>0x2</size>
      </object_component>
      <object_component id="oc-e6">
         <name>.common:PeriodicTask2User</name>
         <uninitialized>true</uninitialized>
         <run_address>0x20000dc8</run_address>
         <size>0x4</size>
      </object_component>
      <object_component id="oc-f7">
         <name>.common:PeriodicTask3</name>
         <uninitialized>true</uninitialized>
         <run_address>0x20000dcc</run_address>
         <size>0x4</size>
      </object_component>
      <object_component id="oc-99">
         <name>.common:RxPutI</name>
         <uninitialized>true</uninitialized>
         <run_address>0x20000ddc</run_address>
         <size>0x4</size>
      </object_component>
      <object_component id="oc-9c">
         <name>.common:RxGetI</name>
         <uninitialized>true</uninitialized>
         <run_address>0x20000dd8</run_address>
         <size>0x4</size>
      </object_component>
      <object_component id="oc-a0">
         <name>.common:TxPutI</name>
         <uninitialized>true</uninitialized>
         <run_address>0x20000df8</run_address>
         <size>0x4</size>
      </object_component>
      <object_component id="oc-a1">
         <name>.common:TxGetI</name>
         <uninitialized>true</uninitialized>
         <run_address>0x20000df4</run_address>
         <size>0x4</size>
      </object_component>
      <object_component id="oc-1d3">
         <name>.common:RawPutPt</name>
         <uninitialized>true</uninitialized>
         <run_address>0x20000dd4</run_address>
         <size>0x4</size>
      </object_component>
      <object_component id="oc-1d9">
         <name>.common:RawGetPt</name>
         <uninitialized>true</uninitialized>
         <run_address>0x20000dd0</run_address>
         <size>0x4</size>
      </object_component>
      <object_component id="oc-28c">
         <name>.common:__TI_tmpnams</name>
         <uninitialized>true</uninitialized>
         <run_address>0x20000d20</run_address>
         <size>0xa0</size>
      </object_component>
      <object_component id="oc-2ec">
         <name>.common:parmbuf</name>
         <uninitialized>true</uninitialized>
         <run_address>0x20000dc0</run_address>
         <size>0x8</size>
      </object_component>
      <object_component id="oc-24">
         <name>.sysmem</name>
         <uninitialized>true</uninitialized>
         <run_address>0x20001260</run_address>
         <size>0x10</size>
         <input_file_ref idref="fl-d2"/>
      </object_component>
      <object_component id="oc-3b3">
         <name>.sysmem</name>
         <uninitialized>true</uninitialized>
         <run_address>0x20001260</run_address>
         <size>0x0</size>
      </object_component>
      <object_component id="oc-27">
         <name>.stack</name>
         <uninitialized>true</uninitialized>
         <run_address>0x20001060</run_address>
         <size>0x4</size>
         <input_file_ref idref="fl-d4"/>
      </object_component>
      <object_component id="oc-3b2">
         <name>.stack</name>
         <uninitialized>true</uninitialized>
         <run_address>0x20001060</run_address>
         <size>0x0</size>
      </object_component>
      <object_component id="oc-1bb">
         <name>.debug_info</name>
         <load_address>0x0</load_address>
         <run_address>0x0</run_address>
         <size>0x2ec</size>
         <input_file_ref idref="fl-1"/>
      </object_component>
      <object_component id="oc-fd">
         <name>.debug_info</name>
         <load_address>0x2ec</load_address>
         <run_address>0x2ec</run_address>
         <size>0x26b</size>
         <input_file_ref idref="fl-1"/>
      </object_component>
      <object_component id="oc-5d">
         <name>.debug_info</name>
         <load_address>0x557</load_address>
         <run_address>0x557</run_address>
         <size>0x84</size>
         <input_file_ref idref="fl-1"/>
      </object_component>
      <object_component id="oc-19b">
         <name>.debug_info</name>
         <load_address>0x5db</load_address>
         <run_address>0x5db</run_address>
         <size>0x2a4</size>
         <input_file_ref idref="fl-1"/>
      </object_component>
      <object_component id="oc-c7">
         <name>.debug_info</name>
         <load_address>0x87f</load_address>
         <run_address>0x87f</run_address>
         <size>0xbb</size>
         <input_file_ref idref="fl-1"/>
      </object_component>
      <object_component id="oc-21a">
         <name>.debug_info</name>
         <load_address>0x93a</load_address>
         <run_address>0x93a</run_address>
         <size>0x29f</size>
         <input_file_ref idref="fl-3"/>
      </object_component>
      <object_component id="oc-d2">
         <name>.debug_info</name>
         <load_address>0xbd9</load_address>
         <run_address>0xbd9</run_address>
         <size>0x1de</size>
         <input_file_ref idref="fl-3"/>
      </object_component>
      <object_component id="oc-1a8">
         <name>.debug_info</name>
         <load_address>0xdb7</load_address>
         <run_address>0xdb7</run_address>
         <size>0x114</size>
         <input_file_ref idref="fl-3"/>
      </object_component>
      <object_component id="oc-143">
         <name>.debug_info</name>
         <load_address>0xecb</load_address>
         <run_address>0xecb</run_address>
         <size>0xcc</size>
         <input_file_ref idref="fl-3"/>
      </object_component>
      <object_component id="oc-1af">
         <name>.debug_info</name>
         <load_address>0xf97</load_address>
         <run_address>0xf97</run_address>
         <size>0x3e1</size>
         <input_file_ref idref="fl-6"/>
      </object_component>
      <object_component id="oc-e1">
         <name>.debug_info</name>
         <load_address>0x1378</load_address>
         <run_address>0x1378</run_address>
         <size>0xee</size>
         <input_file_ref idref="fl-6"/>
      </object_component>
      <object_component id="oc-1a4">
         <name>.debug_info</name>
         <load_address>0x1466</load_address>
         <run_address>0x1466</run_address>
         <size>0xea</size>
         <input_file_ref idref="fl-6"/>
      </object_component>
      <object_component id="oc-db">
         <name>.debug_info</name>
         <load_address>0x1550</load_address>
         <run_address>0x1550</run_address>
         <size>0xe8</size>
         <input_file_ref idref="fl-6"/>
      </object_component>
      <object_component id="oc-de">
         <name>.debug_info</name>
         <load_address>0x1638</load_address>
         <run_address>0x1638</run_address>
         <size>0x133</size>
         <input_file_ref idref="fl-6"/>
      </object_component>
      <object_component id="oc-37">
         <name>.debug_info</name>
         <load_address>0x176b</load_address>
         <run_address>0x176b</run_address>
         <size>0x2bc</size>
         <input_file_ref idref="fl-6"/>
      </object_component>
      <object_component id="oc-1ce">
         <name>.debug_info</name>
         <load_address>0x1a27</load_address>
         <run_address>0x1a27</run_address>
         <size>0x139</size>
         <input_file_ref idref="fl-7"/>
      </object_component>
      <object_component id="oc-eb">
         <name>.debug_info</name>
         <load_address>0x1b60</load_address>
         <run_address>0x1b60</run_address>
         <size>0x3f4</size>
         <input_file_ref idref="fl-8"/>
      </object_component>
      <object_component id="oc-d8">
         <name>.debug_info</name>
         <load_address>0x1f54</load_address>
         <run_address>0x1f54</run_address>
         <size>0x13b</size>
         <input_file_ref idref="fl-8"/>
      </object_component>
      <object_component id="oc-49">
         <name>.debug_info</name>
         <load_address>0x208f</load_address>
         <run_address>0x208f</run_address>
         <size>0x4b3</size>
         <input_file_ref idref="fl-8"/>
      </object_component>
      <object_component id="oc-e7">
         <name>.debug_info</name>
         <load_address>0x2542</load_address>
         <run_address>0x2542</run_address>
         <size>0x2b7</size>
         <input_file_ref idref="fl-9"/>
      </object_component>
      <object_component id="oc-43">
         <name>.debug_info</name>
         <load_address>0x27f9</load_address>
         <run_address>0x27f9</run_address>
         <size>0x1cf</size>
         <input_file_ref idref="fl-9"/>
      </object_component>
      <object_component id="oc-f8">
         <name>.debug_info</name>
         <load_address>0x29c8</load_address>
         <run_address>0x29c8</run_address>
         <size>0x2af</size>
         <input_file_ref idref="fl-a"/>
      </object_component>
      <object_component id="oc-4f">
         <name>.debug_info</name>
         <load_address>0x2c77</load_address>
         <run_address>0x2c77</run_address>
         <size>0x1cf</size>
         <input_file_ref idref="fl-a"/>
      </object_component>
      <object_component id="oc-e5">
         <name>.debug_info</name>
         <load_address>0x2e46</load_address>
         <run_address>0x2e46</run_address>
         <size>0x335</size>
         <input_file_ref idref="fl-b"/>
      </object_component>
      <object_component id="oc-3d">
         <name>.debug_info</name>
         <load_address>0x317b</load_address>
         <run_address>0x317b</run_address>
         <size>0x519</size>
         <input_file_ref idref="fl-b"/>
      </object_component>
      <object_component id="oc-9a">
         <name>.debug_info</name>
         <load_address>0x3694</load_address>
         <run_address>0x3694</run_address>
         <size>0x588</size>
         <input_file_ref idref="fl-d"/>
      </object_component>
      <object_component id="oc-9e">
         <name>.debug_info</name>
         <load_address>0x3c1c</load_address>
         <run_address>0x3c1c</run_address>
         <size>0xee</size>
         <input_file_ref idref="fl-d"/>
      </object_component>
      <object_component id="oc-a3">
         <name>.debug_info</name>
         <load_address>0x3d0a</load_address>
         <run_address>0x3d0a</run_address>
         <size>0xee</size>
         <input_file_ref idref="fl-d"/>
      </object_component>
      <object_component id="oc-31">
         <name>.debug_info</name>
         <load_address>0x3df8</load_address>
         <run_address>0x3df8</run_address>
         <size>0x17ce</size>
         <input_file_ref idref="fl-d"/>
      </object_component>
      <object_component id="oc-cc">
         <name>.debug_info</name>
         <load_address>0x55c6</load_address>
         <run_address>0x55c6</run_address>
         <size>0x2c</size>
         <input_file_ref idref="fl-d"/>
      </object_component>
      <object_component id="oc-148">
         <name>.debug_info</name>
         <load_address>0x55f2</load_address>
         <run_address>0x55f2</run_address>
         <size>0x35</size>
         <input_file_ref idref="fl-d"/>
      </object_component>
      <object_component id="oc-1d4">
         <name>.debug_info</name>
         <load_address>0x5627</load_address>
         <run_address>0x5627</run_address>
         <size>0x434</size>
         <input_file_ref idref="fl-e"/>
      </object_component>
      <object_component id="oc-1d7">
         <name>.debug_info</name>
         <load_address>0x5a5b</load_address>
         <run_address>0x5a5b</run_address>
         <size>0xec</size>
         <input_file_ref idref="fl-e"/>
      </object_component>
      <object_component id="oc-124">
         <name>.debug_info</name>
         <load_address>0x5b47</load_address>
         <run_address>0x5b47</run_address>
         <size>0x515</size>
         <input_file_ref idref="fl-e"/>
      </object_component>
      <object_component id="oc-56">
         <name>.debug_info</name>
         <load_address>0x605c</load_address>
         <run_address>0x605c</run_address>
         <size>0x2cc</size>
         <input_file_ref idref="fl-f"/>
      </object_component>
      <object_component id="oc-13">
         <name>.debug_info</name>
         <load_address>0x6328</load_address>
         <run_address>0x6328</run_address>
         <size>0x10b</size>
         <input_file_ref idref="fl-f"/>
      </object_component>
      <object_component id="oc-2b">
         <name>.debug_info</name>
         <load_address>0x6433</load_address>
         <run_address>0x6433</run_address>
         <size>0x39e6</size>
         <input_file_ref idref="fl-f"/>
      </object_component>
      <object_component id="oc-173">
         <name>.debug_info</name>
         <load_address>0x9e19</load_address>
         <run_address>0x9e19</run_address>
         <size>0x3f5</size>
         <input_file_ref idref="fl-c9"/>
      </object_component>
      <object_component id="oc-16b">
         <name>.debug_info</name>
         <load_address>0xa20e</load_address>
         <run_address>0xa20e</run_address>
         <size>0x20e</size>
         <input_file_ref idref="fl-c9"/>
      </object_component>
      <object_component id="oc-18e">
         <name>.debug_info</name>
         <load_address>0xa41c</load_address>
         <run_address>0xa41c</run_address>
         <size>0x176</size>
         <input_file_ref idref="fl-c9"/>
      </object_component>
      <object_component id="oc-bb">
         <name>.debug_info</name>
         <load_address>0xa592</load_address>
         <run_address>0xa592</run_address>
         <size>0x1e4</size>
         <input_file_ref idref="fl-c9"/>
      </object_component>
      <object_component id="oc-b5">
         <name>.debug_info</name>
         <load_address>0xa776</load_address>
         <run_address>0xa776</run_address>
         <size>0x1cd</size>
         <input_file_ref idref="fl-c9"/>
      </object_component>
      <object_component id="oc-137">
         <name>.debug_info</name>
         <load_address>0xa943</load_address>
         <run_address>0xa943</run_address>
         <size>0x2c</size>
         <input_file_ref idref="fl-c9"/>
      </object_component>
      <object_component id="oc-275">
         <name>.debug_info</name>
         <load_address>0xa96f</load_address>
         <run_address>0xa96f</run_address>
         <size>0xb2</size>
         <input_file_ref idref="fl-c9"/>
      </object_component>
      <object_component id="oc-191">
         <name>.debug_info</name>
         <load_address>0xaa21</load_address>
         <run_address>0xaa21</run_address>
         <size>0x374</size>
         <input_file_ref idref="fl-ca"/>
      </object_component>
      <object_component id="oc-c0">
         <name>.debug_info</name>
         <load_address>0xad95</load_address>
         <run_address>0xad95</run_address>
         <size>0x20b</size>
         <input_file_ref idref="fl-ca"/>
      </object_component>
      <object_component id="oc-192">
         <name>.debug_info</name>
         <load_address>0xafa0</load_address>
         <run_address>0xafa0</run_address>
         <size>0xbf</size>
         <input_file_ref idref="fl-ca"/>
      </object_component>
      <object_component id="oc-118">
         <name>.debug_info</name>
         <load_address>0xb05f</load_address>
         <run_address>0xb05f</run_address>
         <size>0x147</size>
         <input_file_ref idref="fl-cb"/>
      </object_component>
      <object_component id="oc-116">
         <name>.debug_info</name>
         <load_address>0xb1a6</load_address>
         <run_address>0xb1a6</run_address>
         <size>0x2d4</size>
         <input_file_ref idref="fl-cc"/>
      </object_component>
      <object_component id="oc-76">
         <name>.debug_info</name>
         <load_address>0xb47a</load_address>
         <run_address>0xb47a</run_address>
         <size>0x1b5</size>
         <input_file_ref idref="fl-cc"/>
      </object_component>
      <object_component id="oc-111">
         <name>.debug_info</name>
         <load_address>0xb62f</load_address>
         <run_address>0xb62f</run_address>
         <size>0x46</size>
         <input_file_ref idref="fl-cc"/>
      </object_component>
      <object_component id="oc-1c4">
         <name>.debug_info</name>
         <load_address>0xb675</load_address>
         <run_address>0xb675</run_address>
         <size>0x2c</size>
         <input_file_ref idref="fl-cc"/>
      </object_component>
      <object_component id="oc-6d">
         <name>.debug_info</name>
         <load_address>0xb6a1</load_address>
         <run_address>0xb6a1</run_address>
         <size>0x2a8</size>
         <input_file_ref idref="fl-cd"/>
      </object_component>
      <object_component id="oc-1e">
         <name>.debug_info</name>
         <load_address>0xb949</load_address>
         <run_address>0xb949</run_address>
         <size>0x1ea</size>
         <input_file_ref idref="fl-cd"/>
      </object_component>
      <object_component id="oc-68">
         <name>.debug_info</name>
         <load_address>0xbb33</load_address>
         <run_address>0xbb33</run_address>
         <size>0x46</size>
         <input_file_ref idref="fl-cd"/>
      </object_component>
      <object_component id="oc-109">
         <name>.debug_info</name>
         <load_address>0xbb79</load_address>
         <run_address>0xbb79</run_address>
         <size>0x2c</size>
         <input_file_ref idref="fl-cd"/>
      </object_component>
      <object_component id="oc-107">
         <name>.debug_info</name>
         <load_address>0xbba5</load_address>
         <run_address>0xbba5</run_address>
         <size>0x29e</size>
         <input_file_ref idref="fl-ce"/>
      </object_component>
      <object_component id="oc-16">
         <name>.debug_info</name>
         <load_address>0xbe43</load_address>
         <run_address>0xbe43</run_address>
         <size>0x250</size>
         <input_file_ref idref="fl-ce"/>
      </object_component>
      <object_component id="oc-58">
         <name>.debug_info</name>
         <load_address>0xc093</load_address>
         <run_address>0xc093</run_address>
         <size>0x60</size>
         <input_file_ref idref="fl-ce"/>
      </object_component>
      <object_component id="oc-1bd">
         <name>.debug_info</name>
         <load_address>0xc0f3</load_address>
         <run_address>0xc0f3</run_address>
         <size>0x46</size>
         <input_file_ref idref="fl-ce"/>
      </object_component>
      <object_component id="oc-102">
         <name>.debug_info</name>
         <load_address>0xc139</load_address>
         <run_address>0xc139</run_address>
         <size>0x39</size>
         <input_file_ref idref="fl-ce"/>
      </object_component>
      <object_component id="oc-2a5">
         <name>.debug_info</name>
         <load_address>0xc172</load_address>
         <run_address>0xc172</run_address>
         <size>0x3ad</size>
         <input_file_ref idref="fl-cf"/>
      </object_component>
      <object_component id="oc-188">
         <name>.debug_info</name>
         <load_address>0xc51f</load_address>
         <run_address>0xc51f</run_address>
         <size>0x190</size>
         <input_file_ref idref="fl-cf"/>
      </object_component>
      <object_component id="oc-1dd">
         <name>.debug_info</name>
         <load_address>0xc6af</load_address>
         <run_address>0xc6af</run_address>
         <size>0x122</size>
         <input_file_ref idref="fl-cf"/>
      </object_component>
      <object_component id="oc-1e3">
         <name>.debug_info</name>
         <load_address>0xc7d1</load_address>
         <run_address>0xc7d1</run_address>
         <size>0x184</size>
         <input_file_ref idref="fl-cf"/>
      </object_component>
      <object_component id="oc-22f">
         <name>.debug_info</name>
         <load_address>0xc955</load_address>
         <run_address>0xc955</run_address>
         <size>0x2c9</size>
         <input_file_ref idref="fl-d0"/>
      </object_component>
      <object_component id="oc-160">
         <name>.debug_info</name>
         <load_address>0xcc1e</load_address>
         <run_address>0xcc1e</run_address>
         <size>0x11e</size>
         <input_file_ref idref="fl-d0"/>
      </object_component>
      <object_component id="oc-228">
         <name>.debug_info</name>
         <load_address>0xcd3c</load_address>
         <run_address>0xcd3c</run_address>
         <size>0x12e</size>
         <input_file_ref idref="fl-d0"/>
      </object_component>
      <object_component id="oc-199">
         <name>.debug_info</name>
         <load_address>0xce6a</load_address>
         <run_address>0xce6a</run_address>
         <size>0x144</size>
         <input_file_ref idref="fl-d1"/>
      </object_component>
      <object_component id="oc-c4">
         <name>.debug_info</name>
         <load_address>0xcfae</load_address>
         <run_address>0xcfae</run_address>
         <size>0x102</size>
         <input_file_ref idref="fl-d1"/>
      </object_component>
      <object_component id="oc-170">
         <name>.debug_info</name>
         <load_address>0xd0b0</load_address>
         <run_address>0xd0b0</run_address>
         <size>0x18f</size>
         <input_file_ref idref="fl-d1"/>
      </object_component>
      <object_component id="oc-94">
         <name>.debug_info</name>
         <load_address>0xd23f</load_address>
         <run_address>0xd23f</run_address>
         <size>0x3b2</size>
         <input_file_ref idref="fl-d2"/>
      </object_component>
      <object_component id="oc-25">
         <name>.debug_info</name>
         <load_address>0xd5f1</load_address>
         <run_address>0xd5f1</run_address>
         <size>0x10c</size>
         <input_file_ref idref="fl-d2"/>
      </object_component>
      <object_component id="oc-31e">
         <name>.debug_info</name>
         <load_address>0xd6fd</load_address>
         <run_address>0xd6fd</run_address>
         <size>0x13f</size>
         <input_file_ref idref="fl-d2"/>
      </object_component>
      <object_component id="oc-182">
         <name>.debug_info</name>
         <load_address>0xd83c</load_address>
         <run_address>0xd83c</run_address>
         <size>0x168</size>
         <input_file_ref idref="fl-d2"/>
      </object_component>
      <object_component id="oc-290">
         <name>.debug_info</name>
         <load_address>0xd9a4</load_address>
         <run_address>0xd9a4</run_address>
         <size>0x18e</size>
         <input_file_ref idref="fl-d2"/>
      </object_component>
      <object_component id="oc-296">
         <name>.debug_info</name>
         <load_address>0xdb32</load_address>
         <run_address>0xdb32</run_address>
         <size>0x19f</size>
         <input_file_ref idref="fl-d2"/>
      </object_component>
      <object_component id="oc-17c">
         <name>.debug_info</name>
         <load_address>0xdcd1</load_address>
         <run_address>0xdcd1</run_address>
         <size>0x203</size>
         <input_file_ref idref="fl-d2"/>
      </object_component>
      <object_component id="oc-323">
         <name>.debug_info</name>
         <load_address>0xded4</load_address>
         <run_address>0xded4</run_address>
         <size>0x1db</size>
         <input_file_ref idref="fl-d2"/>
      </object_component>
      <object_component id="oc-29d">
         <name>.debug_info</name>
         <load_address>0xe0af</load_address>
         <run_address>0xe0af</run_address>
         <size>0x299</size>
         <input_file_ref idref="fl-d2"/>
      </object_component>
      <object_component id="oc-13c">
         <name>.debug_info</name>
         <load_address>0xe348</load_address>
         <run_address>0xe348</run_address>
         <size>0xb2</size>
         <input_file_ref idref="fl-d2"/>
      </object_component>
      <object_component id="oc-152">
         <name>.debug_info</name>
         <load_address>0xe3fa</load_address>
         <run_address>0xe3fa</run_address>
         <size>0x2a4</size>
         <input_file_ref idref="fl-d3"/>
      </object_component>
      <object_component id="oc-a6">
         <name>.debug_info</name>
         <load_address>0xe69e</load_address>
         <run_address>0xe69e</run_address>
         <size>0x24d</size>
         <input_file_ref idref="fl-d3"/>
      </object_component>
      <object_component id="oc-28">
         <name>.debug_info</name>
         <load_address>0xe8eb</load_address>
         <run_address>0xe8eb</run_address>
         <size>0x10b</size>
         <input_file_ref idref="fl-d4"/>
      </object_component>
      <object_component id="oc-81">
         <name>.debug_info</name>
         <load_address>0xe9f6</load_address>
         <run_address>0xe9f6</run_address>
         <size>0x1a9</size>
         <input_file_ref idref="fl-d4"/>
      </object_component>
      <object_component id="oc-30e">
         <name>.debug_info</name>
         <load_address>0xeb9f</load_address>
         <run_address>0xeb9f</run_address>
         <size>0x402</size>
         <input_file_ref idref="fl-d5"/>
      </object_component>
      <object_component id="oc-26b">
         <name>.debug_info</name>
         <load_address>0xefa1</load_address>
         <run_address>0xefa1</run_address>
         <size>0x245</size>
         <input_file_ref idref="fl-d5"/>
      </object_component>
      <object_component id="oc-2fe">
         <name>.debug_info</name>
         <load_address>0xf1e6</load_address>
         <run_address>0xf1e6</run_address>
         <size>0x120</size>
         <input_file_ref idref="fl-d5"/>
      </object_component>
      <object_component id="oc-167">
         <name>.debug_info</name>
         <load_address>0xf306</load_address>
         <run_address>0xf306</run_address>
         <size>0x445</size>
         <input_file_ref idref="fl-d6"/>
      </object_component>
      <object_component id="oc-ac">
         <name>.debug_info</name>
         <load_address>0xf74b</load_address>
         <run_address>0xf74b</run_address>
         <size>0x2db</size>
         <input_file_ref idref="fl-d6"/>
      </object_component>
      <object_component id="oc-265">
         <name>.debug_info</name>
         <load_address>0xfa26</load_address>
         <run_address>0xfa26</run_address>
         <size>0xea</size>
         <input_file_ref idref="fl-d6"/>
      </object_component>
      <object_component id="oc-260">
         <name>.debug_info</name>
         <load_address>0xfb10</load_address>
         <run_address>0xfb10</run_address>
         <size>0x2c</size>
         <input_file_ref idref="fl-d6"/>
      </object_component>
      <object_component id="oc-28e">
         <name>.debug_info</name>
         <load_address>0xfb3c</load_address>
         <run_address>0xfb3c</run_address>
         <size>0x3a5</size>
         <input_file_ref idref="fl-d7"/>
      </object_component>
      <object_component id="oc-175">
         <name>.debug_info</name>
         <load_address>0xfee1</load_address>
         <run_address>0xfee1</run_address>
         <size>0x1f3</size>
         <input_file_ref idref="fl-d7"/>
      </object_component>
      <object_component id="oc-316">
         <name>.debug_info</name>
         <load_address>0x100d4</load_address>
         <run_address>0x100d4</run_address>
         <size>0x347</size>
         <input_file_ref idref="fl-d8"/>
      </object_component>
      <object_component id="oc-27b">
         <name>.debug_info</name>
         <load_address>0x1041b</load_address>
         <run_address>0x1041b</run_address>
         <size>0x18a</size>
         <input_file_ref idref="fl-d8"/>
      </object_component>
      <object_component id="oc-224">
         <name>.debug_info</name>
         <load_address>0x105a5</load_address>
         <run_address>0x105a5</run_address>
         <size>0x42c</size>
         <input_file_ref idref="fl-d9"/>
      </object_component>
      <object_component id="oc-154">
         <name>.debug_info</name>
         <load_address>0x109d1</load_address>
         <run_address>0x109d1</run_address>
         <size>0x192</size>
         <input_file_ref idref="fl-d9"/>
      </object_component>
      <object_component id="oc-304">
         <name>.debug_info</name>
         <load_address>0x10b63</load_address>
         <run_address>0x10b63</run_address>
         <size>0x1eb</size>
         <input_file_ref idref="fl-d9"/>
      </object_component>
      <object_component id="oc-63">
         <name>.debug_info</name>
         <load_address>0x10d4e</load_address>
         <run_address>0x10d4e</run_address>
         <size>0x119</size>
         <input_file_ref idref="fl-da"/>
      </object_component>
      <object_component id="oc-2ba">
         <name>.debug_info</name>
         <load_address>0x10e67</load_address>
         <run_address>0x10e67</run_address>
         <size>0x4b3</size>
         <input_file_ref idref="fl-db"/>
      </object_component>
      <object_component id="oc-1e9">
         <name>.debug_info</name>
         <load_address>0x1131a</load_address>
         <run_address>0x1131a</run_address>
         <size>0x1a6</size>
         <input_file_ref idref="fl-db"/>
      </object_component>
      <object_component id="oc-32d">
         <name>.debug_info</name>
         <load_address>0x114c0</load_address>
         <run_address>0x114c0</run_address>
         <size>0x39</size>
         <input_file_ref idref="fl-db"/>
      </object_component>
      <object_component id="oc-36c">
         <name>.debug_info</name>
         <load_address>0x114f9</load_address>
         <run_address>0x114f9</run_address>
         <size>0x39</size>
         <input_file_ref idref="fl-db"/>
      </object_component>
      <object_component id="oc-332">
         <name>.debug_info</name>
         <load_address>0x11532</load_address>
         <run_address>0x11532</run_address>
         <size>0x39</size>
         <input_file_ref idref="fl-db"/>
      </object_component>
      <object_component id="oc-337">
         <name>.debug_info</name>
         <load_address>0x1156b</load_address>
         <run_address>0x1156b</run_address>
         <size>0xcd</size>
         <input_file_ref idref="fl-db"/>
      </object_component>
      <object_component id="oc-11e">
         <name>.debug_info</name>
         <load_address>0x11638</load_address>
         <run_address>0x11638</run_address>
         <size>0x153</size>
         <input_file_ref idref="fl-dc"/>
      </object_component>
      <object_component id="oc-37f">
         <name>.debug_info</name>
         <load_address>0x1178b</load_address>
         <run_address>0x1178b</run_address>
         <size>0x29a</size>
         <input_file_ref idref="fl-df"/>
      </object_component>
      <object_component id="oc-357">
         <name>.debug_info</name>
         <load_address>0x11a25</load_address>
         <run_address>0x11a25</run_address>
         <size>0x262</size>
         <input_file_ref idref="fl-df"/>
      </object_component>
      <object_component id="oc-2d2">
         <name>.debug_info</name>
         <load_address>0x11c87</load_address>
         <run_address>0x11c87</run_address>
         <size>0x28a</size>
         <input_file_ref idref="fl-e0"/>
      </object_component>
      <object_component id="oc-21e">
         <name>.debug_info</name>
         <load_address>0x11f11</load_address>
         <run_address>0x11f11</run_address>
         <size>0x273</size>
         <input_file_ref idref="fl-e0"/>
      </object_component>
      <object_component id="oc-226">
         <name>.debug_info</name>
         <load_address>0x12184</load_address>
         <run_address>0x12184</run_address>
         <size>0x2af</size>
         <input_file_ref idref="fl-e1"/>
      </object_component>
      <object_component id="oc-15a">
         <name>.debug_info</name>
         <load_address>0x12433</load_address>
         <run_address>0x12433</run_address>
         <size>0x277</size>
         <input_file_ref idref="fl-e1"/>
      </object_component>
      <object_component id="oc-362">
         <name>.debug_info</name>
         <load_address>0x126aa</load_address>
         <run_address>0x126aa</run_address>
         <size>0x397</size>
         <input_file_ref idref="fl-e2"/>
      </object_component>
      <object_component id="oc-310">
         <name>.debug_info</name>
         <load_address>0x12a41</load_address>
         <run_address>0x12a41</run_address>
         <size>0x18f</size>
         <input_file_ref idref="fl-e2"/>
      </object_component>
      <object_component id="oc-25d">
         <name>.debug_info</name>
         <load_address>0x12bd0</load_address>
         <run_address>0x12bd0</run_address>
         <size>0x337</size>
         <input_file_ref idref="fl-e3"/>
      </object_component>
      <object_component id="oc-164">
         <name>.debug_info</name>
         <load_address>0x12f07</load_address>
         <run_address>0x12f07</run_address>
         <size>0x109</size>
         <input_file_ref idref="fl-e3"/>
      </object_component>
      <object_component id="oc-30b">
         <name>.debug_info</name>
         <load_address>0x13010</load_address>
         <run_address>0x13010</run_address>
         <size>0x109</size>
         <input_file_ref idref="fl-e3"/>
      </object_component>
      <object_component id="oc-318">
         <name>.debug_info</name>
         <load_address>0x13119</load_address>
         <run_address>0x13119</run_address>
         <size>0x3cf</size>
         <input_file_ref idref="fl-e5"/>
      </object_component>
      <object_component id="oc-281">
         <name>.debug_info</name>
         <load_address>0x134e8</load_address>
         <run_address>0x134e8</run_address>
         <size>0x195</size>
         <input_file_ref idref="fl-e5"/>
      </object_component>
      <object_component id="oc-31a">
         <name>.debug_info</name>
         <load_address>0x1367d</load_address>
         <run_address>0x1367d</run_address>
         <size>0x3d1</size>
         <input_file_ref idref="fl-e6"/>
      </object_component>
      <object_component id="oc-287">
         <name>.debug_info</name>
         <load_address>0x13a4e</load_address>
         <run_address>0x13a4e</run_address>
         <size>0x1a5</size>
         <input_file_ref idref="fl-e6"/>
      </object_component>
      <object_component id="oc-2f1">
         <name>.debug_info</name>
         <load_address>0x13bf3</load_address>
         <run_address>0x13bf3</run_address>
         <size>0x373</size>
         <input_file_ref idref="fl-e7"/>
      </object_component>
      <object_component id="oc-238">
         <name>.debug_info</name>
         <load_address>0x13f66</load_address>
         <run_address>0x13f66</run_address>
         <size>0x1bc</size>
         <input_file_ref idref="fl-e7"/>
      </object_component>
      <object_component id="oc-2f7">
         <name>.debug_info</name>
         <load_address>0x14122</load_address>
         <run_address>0x14122</run_address>
         <size>0x378</size>
         <input_file_ref idref="fl-e8"/>
      </object_component>
      <object_component id="oc-24a">
         <name>.debug_info</name>
         <load_address>0x1449a</load_address>
         <run_address>0x1449a</run_address>
         <size>0x210</size>
         <input_file_ref idref="fl-e8"/>
      </object_component>
      <object_component id="oc-2ed">
         <name>.debug_info</name>
         <load_address>0x146aa</load_address>
         <run_address>0x146aa</run_address>
         <size>0x3a3</size>
         <input_file_ref idref="fl-e9"/>
      </object_component>
      <object_component id="oc-232">
         <name>.debug_info</name>
         <load_address>0x14a4d</load_address>
         <run_address>0x14a4d</run_address>
         <size>0x20c</size>
         <input_file_ref idref="fl-e9"/>
      </object_component>
      <object_component id="oc-2f3">
         <name>.debug_info</name>
         <load_address>0x14c59</load_address>
         <run_address>0x14c59</run_address>
         <size>0x377</size>
         <input_file_ref idref="fl-ea"/>
      </object_component>
      <object_component id="oc-23e">
         <name>.debug_info</name>
         <load_address>0x14fd0</load_address>
         <run_address>0x14fd0</run_address>
         <size>0x1fb</size>
         <input_file_ref idref="fl-ea"/>
      </object_component>
      <object_component id="oc-2fb">
         <name>.debug_info</name>
         <load_address>0x151cb</load_address>
         <run_address>0x151cb</run_address>
         <size>0x3d5</size>
         <input_file_ref idref="fl-eb"/>
      </object_component>
      <object_component id="oc-256">
         <name>.debug_info</name>
         <load_address>0x155a0</load_address>
         <run_address>0x155a0</run_address>
         <size>0x236</size>
         <input_file_ref idref="fl-eb"/>
      </object_component>
      <object_component id="oc-2f9">
         <name>.debug_info</name>
         <load_address>0x157d6</load_address>
         <run_address>0x157d6</run_address>
         <size>0x396</size>
         <input_file_ref idref="fl-ec"/>
      </object_component>
      <object_component id="oc-250">
         <name>.debug_info</name>
         <load_address>0x15b6c</load_address>
         <run_address>0x15b6c</run_address>
         <size>0x1c6</size>
         <input_file_ref idref="fl-ec"/>
      </object_component>
      <object_component id="oc-2f5">
         <name>.debug_info</name>
         <load_address>0x15d32</load_address>
         <run_address>0x15d32</run_address>
         <size>0x378</size>
         <input_file_ref idref="fl-ed"/>
      </object_component>
      <object_component id="oc-244">
         <name>.debug_info</name>
         <load_address>0x160aa</load_address>
         <run_address>0x160aa</run_address>
         <size>0x200</size>
         <input_file_ref idref="fl-ed"/>
      </object_component>
      <object_component id="oc-346">
         <name>.debug_info</name>
         <load_address>0x162aa</load_address>
         <run_address>0x162aa</run_address>
         <size>0x2bb</size>
         <input_file_ref idref="fl-ee"/>
      </object_component>
      <object_component id="oc-343">
         <name>.debug_info</name>
         <load_address>0x16565</load_address>
         <run_address>0x16565</run_address>
         <size>0x108</size>
         <input_file_ref idref="fl-ee"/>
      </object_component>
      <object_component id="oc-2e1">
         <name>.debug_info</name>
         <load_address>0x1666d</load_address>
         <run_address>0x1666d</run_address>
         <size>0x1df</size>
         <input_file_ref idref="fl-ee"/>
      </object_component>
      <object_component id="oc-2e7">
         <name>.debug_info</name>
         <load_address>0x1684c</load_address>
         <run_address>0x1684c</run_address>
         <size>0x19a</size>
         <input_file_ref idref="fl-ee"/>
      </object_component>
      <object_component id="oc-341">
         <name>.debug_info</name>
         <load_address>0x169e6</load_address>
         <run_address>0x169e6</run_address>
         <size>0x28f</size>
         <input_file_ref idref="fl-ef"/>
      </object_component>
      <object_component id="oc-2db">
         <name>.debug_info</name>
         <load_address>0x16c75</load_address>
         <run_address>0x16c75</run_address>
         <size>0x245</size>
         <input_file_ref idref="fl-ef"/>
      </object_component>
      <object_component id="oc-3b4">
         <name>.debug_info</name>
         <load_address>0x16eba</load_address>
         <run_address>0x16eba</run_address>
         <size>0xbe</size>
      </object_component>
      <object_component id="oc-2b1">
         <name>.debug_line</name>
         <load_address>0x0</load_address>
         <run_address>0x0</run_address>
         <size>0x34</size>
         <input_file_ref idref="fl-1"/>
      </object_component>
      <object_component id="oc-100">
         <name>.debug_line</name>
         <load_address>0x34</load_address>
         <run_address>0x34</run_address>
         <size>0x7a</size>
         <input_file_ref idref="fl-1"/>
      </object_component>
      <object_component id="oc-60">
         <name>.debug_line</name>
         <load_address>0xae</load_address>
         <run_address>0xae</run_address>
         <size>0x20</size>
         <input_file_ref idref="fl-1"/>
      </object_component>
      <object_component id="oc-19e">
         <name>.debug_line</name>
         <load_address>0xce</load_address>
         <run_address>0xce</run_address>
         <size>0x7e</size>
         <input_file_ref idref="fl-1"/>
      </object_component>
      <object_component id="oc-ca">
         <name>.debug_line</name>
         <load_address>0x14c</load_address>
         <run_address>0x14c</run_address>
         <size>0x7b</size>
         <input_file_ref idref="fl-1"/>
      </object_component>
      <object_component id="oc-2d0">
         <name>.debug_line</name>
         <load_address>0x1c7</load_address>
         <run_address>0x1c7</run_address>
         <size>0x20</size>
         <input_file_ref idref="fl-3"/>
      </object_component>
      <object_component id="oc-d5">
         <name>.debug_line</name>
         <load_address>0x1e7</load_address>
         <run_address>0x1e7</run_address>
         <size>0x8a</size>
         <input_file_ref idref="fl-3"/>
      </object_component>
      <object_component id="oc-1ab">
         <name>.debug_line</name>
         <load_address>0x271</load_address>
         <run_address>0x271</run_address>
         <size>0x2e</size>
         <input_file_ref idref="fl-3"/>
      </object_component>
      <object_component id="oc-146">
         <name>.debug_line</name>
         <load_address>0x29f</load_address>
         <run_address>0x29f</run_address>
         <size>0x75</size>
         <input_file_ref idref="fl-3"/>
      </object_component>
      <object_component id="oc-2af">
         <name>.debug_line</name>
         <load_address>0x314</load_address>
         <run_address>0x314</run_address>
         <size>0x4e</size>
         <input_file_ref idref="fl-6"/>
      </object_component>
      <object_component id="oc-1b2">
         <name>.debug_line</name>
         <load_address>0x362</load_address>
         <run_address>0x362</run_address>
         <size>0x2e</size>
         <input_file_ref idref="fl-6"/>
      </object_component>
      <object_component id="oc-2ad">
         <name>.debug_line</name>
         <load_address>0x390</load_address>
         <run_address>0x390</run_address>
         <size>0x2e</size>
         <input_file_ref idref="fl-6"/>
      </object_component>
      <object_component id="oc-1a7">
         <name>.debug_line</name>
         <load_address>0x3be</load_address>
         <run_address>0x3be</run_address>
         <size>0x2e</size>
         <input_file_ref idref="fl-6"/>
      </object_component>
      <object_component id="oc-1ae">
         <name>.debug_line</name>
         <load_address>0x3ec</load_address>
         <run_address>0x3ec</run_address>
         <size>0x2e</size>
         <input_file_ref idref="fl-6"/>
      </object_component>
      <object_component id="oc-3a">
         <name>.debug_line</name>
         <load_address>0x41a</load_address>
         <run_address>0x41a</run_address>
         <size>0xbe</size>
         <input_file_ref idref="fl-6"/>
      </object_component>
      <object_component id="oc-1d1">
         <name>.debug_line</name>
         <load_address>0x4d8</load_address>
         <run_address>0x4d8</run_address>
         <size>0x52</size>
         <input_file_ref idref="fl-7"/>
      </object_component>
      <object_component id="oc-1b8">
         <name>.debug_line</name>
         <load_address>0x52a</load_address>
         <run_address>0x52a</run_address>
         <size>0x43</size>
         <input_file_ref idref="fl-8"/>
      </object_component>
      <object_component id="oc-1a2">
         <name>.debug_line</name>
         <load_address>0x56d</load_address>
         <run_address>0x56d</run_address>
         <size>0x35</size>
         <input_file_ref idref="fl-8"/>
      </object_component>
      <object_component id="oc-4c">
         <name>.debug_line</name>
         <load_address>0x5a2</load_address>
[...]
      <symbol id="sm-3f0">
         <name>Timer5B_Handler</name>
         <value>0x11db</value>
         <object_component_ref idref="oc-2a"/>
      </symbol>
      <symbol id="sm-3f1">
         <name>ADC1Seq0_Handler</name>
         <value>0x11b1</value>
         <object_component_ref idref="oc-2a"/>
      </symbol>
      <symbol id="sm-3f2">
         <name>GPIOPortK_Handler</name>
         <value>0x11bf</value>
         <object_component_ref idref="oc-2a"/>
      </symbol>
      <symbol id="sm-3f3">
         <name>WideTimer3B_Handler</name>
         <value>0x11eb</value>
         <object_component_ref idref="oc-2a"/>
      </symbol>
      <symbol id="sm-3f4">
         <name>WideTimer1B_Handler</name>
         <value>0x11e3</value>
         <object_component_ref idref="oc-2a"/>
      </symbol>
      <symbol id="sm-3f5">
         <name>WideTimer5B_Handler</name>
         <value>0x11f3</value>
         <object_component_ref idref="oc-2a"/>
      </symbol>
      <symbol id="sm-3f6">
         <name>SysCtl_Handler</name>
         <value>0x1189</value>
         <object_component_ref idref="oc-2a"/>
      </symbol>
      <symbol id="sm-3f7">
         <name>GPIOPortB_Handler</name>
         <value>0x1153</value>
         <object_component_ref idref="oc-2a"/>
      </symbol>
      <symbol id="sm-3f8">
         <name>uDMA_Handler</name>
         <value>0x11ad</value>
         <object_component_ref idref="oc-2a"/>
      </symbol>
      <symbol id="sm-3f9">
         <name>ADC0Seq1_Handler</name>
         <value>0x116f</value>
         <object_component_ref idref="oc-2a"/>
      </symbol>
      <symbol id="sm-3fa">
         <name>GPIOPortP7_Handler</name>
         <value>0x1215</value>
         <object_component_ref idref="oc-2a"/>
      </symbol>
      <symbol id="sm-3fb">
         <name>PWM1Fault_Handler</name>
         <value>0x1233</value>
         <object_component_ref idref="oc-2a"/>
      </symbol>
      <symbol id="sm-3fc">
         <name>I2C1_Handler</name>
         <value>0x119b</value>
         <object_component_ref idref="oc-2a"/>
      </symbol>
      <symbol id="sm-3fd">
         <name>SSI3_Handler</name>
         <value>0x11c5</value>
         <object_component_ref idref="oc-2a"/>
      </symbol>
      <symbol id="sm-3fe">
         <name>GPIOPortM_Handler</name>
         <value>0x11ff</value>
         <object_component_ref idref="oc-2a"/>
      </symbol>
      <symbol id="sm-3ff">
         <name>g_pfnVectors</name>
         <value>0x0</value>
         <object_component_ref idref="oc-12"/>
      </symbol>
      <symbol id="sm-400">
         <name>GPIOPortD_Handler</name>
         <value>0x1157</value>
         <object_component_ref idref="oc-2a"/>
      </symbol>
      <symbol id="sm-401">
         <name>GPIOPortQ2_Handler</name>
         <value>0x121b</value>
         <object_component_ref idref="oc-2a"/>
      </symbol>
      <symbol id="sm-402">
         <name>UART2_Handler</name>
         <value>0x1193</value>
         <object_component_ref idref="oc-2a"/>
      </symbol>
      <symbol id="sm-403">
         <name>CAN1_Handler</name>
         <value>0x11a1</value>
         <object_component_ref idref="oc-2a"/>
      </symbol>
      <symbol id="sm-404">
         <name>Quadrature0_Handler</name>
         <value>0x116b</value>
         <object_component_ref idref="oc-2a"/>
      </symbol>
      <symbol id="sm-405">
         <name>WideTimer2B_Handler</name>
         <value>0x11e7</value>
         <object_component_ref idref="oc-2a"/>
      </symbol>
      <symbol id="sm-406">
         <name>WideTimer0B_Handler</name>
         <value>0x11df</value>
         <object_component_ref idref="oc-2a"/>
      </symbol>
      <symbol id="sm-407">
         <name>WideTimer4B_Handler</name>
         <value>0x11ef</value>
         <object_component_ref idref="oc-2a"/>
      </symbol>
      <symbol id="sm-408">
         <name>GPIOPortQ_Handler</name>
         <value>0x1217</value>
         <object_component_ref idref="oc-2a"/>
      </symbol>
      <symbol id="sm-409">
         <name>DisableInterrupts</name>
         <value>0x1235</value>
         <object_component_ref idref="oc-2a"/>
      </symbol>
      <symbol id="sm-40a">
         <name>Comp0_Handler</name>
         <value>0x1183</value>
         <object_component_ref idref="oc-2a"/>
      </symbol>
      <symbol id="sm-40b">
         <name>PWM0Generator2_Handler</name>
         <value>0x1169</value>
         <object_component_ref idref="oc-2a"/>
      </symbol>
      <symbol id="sm-40c">
         <name>I2C3_Handler</name>
         <value>0x11d3</value>
         <object_component_ref idref="oc-2a"/>
      </symbol>
      <symbol id="sm-40d">
         <name>Ethernet_Handler</name>
         <value>0x11a5</value>
         <object_component_ref idref="oc-2a"/>
      </symbol>
      <symbol id="sm-40e">
         <name>PWM1Generator3_Handler</name>
         <value>0x1231</value>
         <object_component_ref idref="oc-2a"/>
      </symbol>
      <symbol id="sm-40f">
         <name>I2C4_Handler</name>
         <value>0x11fb</value>
         <object_component_ref idref="oc-2a"/>
      </symbol>
      <symbol id="sm-410">
         <name>Fan0_Handler</name>
         <value>0x1205</value>
         <object_component_ref idref="oc-2a"/>
      </symbol>
      <symbol id="sm-411">
         <name>WaitForInterrupt</name>
         <value>0x124b</value>
         <object_component_ref idref="oc-2a"/>
      </symbol>
      <symbol id="sm-412">
         <name>ADC1Seq3_Handler</name>
         <value>0x11b7</value>
         <object_component_ref idref="oc-2a"/>
      </symbol>
      <symbol id="sm-413">
         <name>GPIOPortQ4_Handler</name>
         <value>0x121f</value>
         <object_component_ref idref="oc-2a"/>
      </symbol>
      <symbol id="sm-414">
         <name>EnableInterrupts</name>
         <value>0x1239</value>
         <object_component_ref idref="oc-2a"/>
      </symbol>
      <symbol id="sm-415">
         <name>GPIOPortA_Handler</name>
         <value>0x1151</value>
         <object_component_ref idref="oc-2a"/>
      </symbol>
      <symbol id="sm-416">
         <name>UART4_Handler</name>
         <value>0x11c9</value>
         <object_component_ref idref="oc-2a"/>
      </symbol>
      <symbol id="sm-417">
         <name>Quadrature2_Handler</name>
         <value>0x1203</value>
         <object_component_ref idref="oc-2a"/>
      </symbol>
      <symbol id="sm-418">
         <name>GPIOPortP2_Handler</name>
         <value>0x120b</value>
         <object_component_ref idref="oc-2a"/>
      </symbol>
      <symbol id="sm-419">
         <name>GPIOPortS_Handler</name>
         <value>0x1229</value>
         <object_component_ref idref="oc-2a"/>
      </symbol>
      <symbol id="sm-41a">
         <name>Comp2_Handler</name>
         <value>0x1187</value>
         <object_component_ref idref="oc-2a"/>
      </symbol>
      <symbol id="sm-41b">
         <name>DebugMon_Handler</name>
         <value>0x114b</value>
         <object_component_ref idref="oc-2a"/>
      </symbol>
      <symbol id="sm-41c">
         <name>PWM0Generator0_Handler</name>
         <value>0x1165</value>
         <object_component_ref idref="oc-2a"/>
      </symbol>
      <symbol id="sm-41d">
         <name>PWM1Generator1_Handler</name>
         <value>0x122d</value>
         <object_component_ref idref="oc-2a"/>
      </symbol>
      <symbol id="sm-41e">
         <name>SSI0_Handler</name>
         <value>0x115f</value>
         <object_component_ref idref="oc-2a"/>
      </symbol>
      <symbol id="sm-41f">
         <name>ADC1Seq1_Handler</name>
         <value>0x11b3</value>
         <object_component_ref idref="oc-2a"/>
      </symbol>
      <symbol id="sm-420">
         <name>GPIOPortH_Handler</name>
         <value>0x1191</value>
         <object_component_ref idref="oc-2a"/>
      </symbol>
      <symbol id="sm-421">
         <name>GPIOPortQ6_Handler</name>
         <value>0x1223</value>
         <object_component_ref idref="oc-2a"/>
      </symbol>
      <symbol id="sm-422">
         <name>GPIOPortC_Handler</name>
         <value>0x1155</value>
         <object_component_ref idref="oc-2a"/>
      </symbol>
      <symbol id="sm-423">
         <name>GPIOPortQ1_Handler</name>
         <value>0x1219</value>
         <object_component_ref idref="oc-2a"/>
      </symbol>
      <symbol id="sm-424">
         <name>UART6_Handler</name>
         <value>0x11cd</value>
         <object_component_ref idref="oc-2a"/>
      </symbol>
      <symbol id="sm-425">
         <name>ADC0Seq2_Handler</name>
         <value>0x1171</value>
         <object_component_ref idref="oc-2a"/>
      </symbol>
      <symbol id="sm-481">
         <name>__TI_cleanup</name>
         <value>0x2249</value>
         <object_component_ref idref="oc-18a"/>
      </symbol>
      <symbol id="sm-482">
         <name>freopen</name>
         <value>0x22e5</value>
         <object_component_ref idref="oc-b7"/>
      </symbol>
      <symbol id="sm-483">
         <name>fopen</name>
         <value>0x1a6d</value>
         <object_component_ref idref="oc-b1"/>
      </symbol>
      <symbol id="sm-4a4">
         <name>setvbuf</name>
         <value>0x1629</value>
         <object_component_ref idref="oc-bd"/>
      </symbol>
      <symbol id="sm-4b3">
         <name>__aeabi_memset</name>
         <value>0x1c2f</value>
         <object_component_ref idref="oc-117"/>
      </symbol>
      <symbol id="sm-4b4">
         <name>memset</name>
         <value>0x1c35</value>
         <object_component_ref idref="oc-117"/>
      </symbol>
      <symbol id="sm-4b5">
         <name>__aeabi_memset8</name>
         <value>0x1c2f</value>
         <object_component_ref idref="oc-117"/>
      </symbol>
      <symbol id="sm-4b6">
         <name>__aeabi_memset4</name>
         <value>0x1c2f</value>
         <object_component_ref idref="oc-117"/>
      </symbol>
      <symbol id="sm-4b7">
         <name>__aeabi_memclr8</name>
         <value>0x1c2d</value>
         <object_component_ref idref="oc-117"/>
      </symbol>
      <symbol id="sm-4b8">
         <name>__aeabi_memclr4</name>
         <value>0x1c2d</value>
         <object_component_ref idref="oc-117"/>
      </symbol>
      <symbol id="sm-4b9">
         <name>__aeabi_memclr</name>
         <value>0x1c2d</value>
         <object_component_ref idref="oc-117"/>
      </symbol>
      <symbol id="sm-4d0">
         <name>__TI_zero_init</name>
         <value>0x2445</value>
         <object_component_ref idref="oc-74"/>
      </symbol>
      <symbol id="sm-4e7">
         <name>__TI_decompress_none</name>
         <value>0x2437</value>
         <object_component_ref idref="oc-1b"/>
      </symbol>
      <symbol id="sm-50a">
         <name>__TI_decompress_lzss</name>
         <value>0x1e61</value>
         <object_component_ref idref="oc-15"/>
      </symbol>
      <symbol id="sm-530">
         <name>C$$EXIT</name>
         <value>0x245d</value>
         <object_component_ref idref="oc-1dc"/>
      </symbol>
      <symbol id="sm-531">
         <name>abort</name>
         <value>0x245d</value>
         <object_component_ref idref="oc-1dc"/>
      </symbol>
      <symbol id="sm-532">
         <name>__TI_dtors_ptr</name>
         <value>0x20001024</value>
         <object_component_ref idref="oc-187"/>
      </symbol>
      <symbol id="sm-533">
         <name>__TI_cleanup_ptr</name>
         <value>0x20001020</value>
         <object_component_ref idref="oc-187"/>
      </symbol>
      <symbol id="sm-534">
         <name>__TI_enable_exit_profile_output</name>
         <value>0x20001028</value>
         <object_component_ref idref="oc-187"/>
      </symbol>
      <symbol id="sm-535">
         <name>exit</name>
         <value>0x2081</value>
         <object_component_ref idref="oc-1e2"/>
      </symbol>
      <symbol id="sm-54a">
         <name>_nop</name>
         <value>0x124f</value>
         <object_component_ref idref="oc-227"/>
      </symbol>
      <symbol id="sm-54b">
         <name>_lock</name>
         <value>0x20001038</value>
         <object_component_ref idref="oc-15f"/>
      </symbol>
      <symbol id="sm-54c">
         <name>_unlock</name>
         <value>0x2000103c</value>
         <object_component_ref idref="oc-15f"/>
      </symbol>
      <symbol id="sm-561">
         <name>__TI_tmpnams</name>
         <value>0x20000d20</value>
      </symbol>
      <symbol id="sm-562">
         <name>__aeabi_stdout</name>
         <value>0x20001018</value>
         <object_component_ref idref="oc-16f"/>
      </symbol>
      <symbol id="sm-563">
         <name>__aeabi_stderr</name>
         <value>0x2000101c</value>
         <object_component_ref idref="oc-16f"/>
      </symbol>
      <symbol id="sm-564">
         <name>__aeabi_stdin</name>
         <value>0x20001014</value>
         <object_component_ref idref="oc-16f"/>
      </symbol>
      <symbol id="sm-565">
         <name>_ftable</name>
         <value>0x20000e08</value>
         <object_component_ref idref="oc-c3"/>
      </symbol>
      <symbol id="sm-566">
         <name>__TI_ft_end</name>
         <value>0x20001010</value>
         <object_component_ref idref="oc-16f"/>
      </symbol>
      <symbol id="sm-5ea">
         <name>_sys_memory</name>
         <value>0x20001260</value>
         <object_component_ref idref="oc-24"/>
      </symbol>
      <symbol id="sm-5eb">
         <name>free</name>
         <value>0x1545</value>
         <object_component_ref idref="oc-17b"/>
      </symbol>
      <symbol id="sm-5ec">
         <name>memalign</name>
         <value>0x1361</value>
         <object_component_ref idref="oc-29c"/>
      </symbol>
      <symbol id="sm-5ed">
         <name>malloc</name>
         <value>0x2451</value>
         <object_component_ref idref="oc-181"/>
      </symbol>
      <symbol id="sm-5ee">
         <name>aligned_alloc</name>
         <value>0x1361</value>
         <object_component_ref idref="oc-29c"/>
      </symbol>
      <symbol id="sm-5fc">
         <name>strcpy</name>
         <value>0x240f</value>
         <object_component_ref idref="oc-a5"/>
      </symbol>
      <symbol id="sm-60f">
         <name>__stack</name>
         <value>0x20001060</value>
         <object_component_ref idref="oc-27"/>
      </symbol>
      <symbol id="sm-610">
         <name>_c_int00_noargs</name>
         <value>0x22b1</value>
         <object_component_ref idref="oc-80"/>
      </symbol>
      <symbol id="sm-632">
         <name>open</name>
         <value>0x1705</value>
         <object_component_ref idref="oc-26a"/>
      </symbol>
      <symbol id="sm-657">
         <name>add_device</name>
         <value>0x17c1</value>
         <object_component_ref idref="oc-ab"/>
      </symbol>
      <symbol id="sm-66c">
         <name>__TI_closefile</name>
         <value>0x1ca9</value>
         <object_component_ref idref="oc-174"/>
      </symbol>
      <symbol id="sm-67c">
         <name>__TI_doflush</name>
         <value>0x2035</value>
         <object_component_ref idref="oc-27a"/>
      </symbol>
      <symbol id="sm-69a">
         <name>finddevice</name>
         <value>0x2319</value>
         <object_component_ref idref="oc-153"/>
      </symbol>
      <symbol id="sm-69b">
         <name>getdevice</name>
         <value>0x2195</value>
         <object_component_ref idref="oc-303"/>
      </symbol>
      <symbol id="sm-6b6">
         <name>memcpy</name>
         <value>0x1b09</value>
         <object_component_ref idref="oc-62"/>
      </symbol>
      <symbol id="sm-6b7">
         <name>__aeabi_memcpy</name>
         <value>0x1b09</value>
         <object_component_ref idref="oc-62"/>
      </symbol>
      <symbol id="sm-6b8">
         <name>__aeabi_memcpy8</name>
         <value>0x1b09</value>
         <object_component_ref idref="oc-62"/>
      </symbol>
      <symbol id="sm-6b9">
         <name>__aeabi_memcpy4</name>
         <value>0x1b09</value>
         <object_component_ref idref="oc-62"/>
      </symbol>
      <symbol id="sm-6e1">
         <name>__TI_auto_init_nobinit_nopinit</name>
         <value>0x2151</value>
         <object_component_ref idref="oc-1e8"/>
      </symbol>
      <symbol id="sm-6eb">
         <name>_system_pre_init</name>
         <value>0x2459</value>
         <object_component_ref idref="oc-11d"/>
      </symbol>
      <symbol id="sm-6fd">
         <name>strchr</name>
         <value>0x23f9</value>
         <object_component_ref idref="oc-356"/>
      </symbol>
      <symbol id="sm-70c">
         <name>strcmp</name>
         <value>0x23e1</value>
         <object_component_ref idref="oc-21d"/>
      </symbol>
      <symbol id="sm-71c">
         <name>strncpy</name>
         <value>0x2211</value>
         <object_component_ref idref="oc-159"/>
      </symbol>
      <symbol id="sm-72c">
         <name>write</name>
         <value>0x239d</value>
         <object_component_ref idref="oc-30f"/>
      </symbol>
      <symbol id="sm-73d">
         <name>_stream</name>
         <value>0x20000f70</value>
         <object_component_ref idref="oc-30a"/>
      </symbol>
      <symbol id="sm-73e">
         <name>_device</name>
         <value>0x20000ef8</value>
         <object_component_ref idref="oc-163"/>
      </symbol>
      <symbol id="sm-753">
         <name>close</name>
         <value>0x1f29</value>
         <object_component_ref idref="oc-280"/>
      </symbol>
      <symbol id="sm-763">
         <name>unlink</name>
         <value>0x2349</value>
         <object_component_ref idref="oc-286"/>
      </symbol>
      <symbol id="sm-774">
         <name>HOSTclose</name>
         <value>0x20c9</value>
         <object_component_ref idref="oc-237"/>
      </symbol>
      <symbol id="sm-785">
         <name>HOSTlseek</name>
         <value>0x1df9</value>
         <object_component_ref idref="oc-249"/>
      </symbol>
      <symbol id="sm-797">
         <name>parmbuf</name>
         <value>0x20000dc0</value>
      </symbol>
      <symbol id="sm-798">
         <name>HOSTopen</name>
         <value>0x1ec9</value>
         <object_component_ref idref="oc-231"/>
      </symbol>
      <symbol id="sm-7a9">
         <name>HOSTread</name>
         <value>0x1f85</value>
         <object_component_ref idref="oc-23d"/>
      </symbol>
      <symbol id="sm-7ba">
         <name>HOSTrename</name>
         <value>0x1d8d</value>
         <object_component_ref idref="oc-255"/>
      </symbol>
      <symbol id="sm-7cb">
         <name>HOSTunlink</name>
         <value>0x210d</value>
         <object_component_ref idref="oc-24f"/>
      </symbol>
      <symbol id="sm-7dc">
         <name>HOSTwrite</name>
         <value>0x1fdd</value>
         <object_component_ref idref="oc-243"/>
      </symbol>
      <symbol id="sm-800">
         <name>__TI_readmsg</name>
         <value>0x227d</value>
         <object_component_ref idref="oc-2e6"/>
      </symbol>
      <symbol id="sm-801">
         <name>C$$IO$$</name>
         <value>0x2207</value>
         <object_component_ref idref="oc-2e0"/>
      </symbol>
      <symbol id="sm-802">
         <name>__CIOBUF_</name>
         <value>0x20000c00</value>
         <object_component_ref idref="oc-342"/>
      </symbol>
      <symbol id="sm-803">
         <name>__TI_writemsg</name>
         <value>0x21d9</value>
         <object_component_ref idref="oc-2e0"/>
      </symbol>
      <symbol id="sm-811">
         <name>strlen</name>
         <value>0x2423</value>
         <object_component_ref idref="oc-2da"/>
      </symbol>
      <symbol id="sm-812">
         <name>__TI_static_base__</name>
         <value>0x0</value>
      </symbol>
      <symbol id="sm-815">
         <name>__mpu_init</name>
         <value>0x0</value>
      </symbol>
      <symbol id="sm-816">
         <name>_system_post_cinit</name>
         <value>0x0</value>
      </symbol>
      <symbol id="sm-817">
         <name>remove</name>
         <value>0x2349</value>
      </symbol>
   </symbol_table>
   <title>Link successful</title>
</link_info>
